Archive member included because of file (symbol)

c:/siliconlabs/simplicitystudio/v4/developer/toolchains/gnu_arm/4.9_2015q3/bin/../lib/gcc/arm-none-eabi/4.9.3/armv6-m\libgcc.a(_udivsi3.o)
                              ./emlib/em_adc.o (__aeabi_uidiv)
c:/siliconlabs/simplicitystudio/v4/developer/toolchains/gnu_arm/4.9_2015q3/bin/../lib/gcc/arm-none-eabi/4.9.3/armv6-m\libgcc.a(_dvmd_tls.o)
                              c:/siliconlabs/simplicitystudio/v4/developer/toolchains/gnu_arm/4.9_2015q3/bin/../lib/gcc/arm-none-eabi/4.9.3/armv6-m\libgcc.a(_udivsi3.o) (__aeabi_idiv0)
c:/siliconlabs/simplicitystudio/v4/developer/toolchains/gnu_arm/4.9_2015q3/bin/../lib/gcc/arm-none-eabi/4.9.3/armv6-m\libgcc.a(_clzsi2.o)
                              ./emlib/em_cmu.o (__clzsi2)
c:/siliconlabs/simplicitystudio/v4/developer/toolchains/gnu_arm/4.9_2015q3/bin/../lib/gcc/arm-none-eabi/4.9.3/armv6-m\libgcc.a(_aeabi_uldivmod.o)
                              ./emlib/em_usart.o (__aeabi_uldivmod)
c:/siliconlabs/simplicitystudio/v4/developer/toolchains/gnu_arm/4.9_2015q3/bin/../lib/gcc/arm-none-eabi/4.9.3/armv6-m\libgcc.a(_muldi3.o)
                              ./emlib/em_usart.o (__aeabi_lmul)
c:/siliconlabs/simplicitystudio/v4/developer/toolchains/gnu_arm/4.9_2015q3/bin/../lib/gcc/arm-none-eabi/4.9.3/armv6-m\libgcc.a(_fixunssfsi.o)
                              ./system/adc.o (__aeabi_f2uiz)
c:/siliconlabs/simplicitystudio/v4/developer/toolchains/gnu_arm/4.9_2015q3/bin/../lib/gcc/arm-none-eabi/4.9.3/armv6-m\libgcc.a(bpabi.o)
                              c:/siliconlabs/simplicitystudio/v4/developer/toolchains/gnu_arm/4.9_2015q3/bin/../lib/gcc/arm-none-eabi/4.9.3/armv6-m\libgcc.a(_aeabi_uldivmod.o) (__gnu_uldivmod_helper)
c:/siliconlabs/simplicitystudio/v4/developer/toolchains/gnu_arm/4.9_2015q3/bin/../lib/gcc/arm-none-eabi/4.9.3/armv6-m\libgcc.a(divsf3.o)
                              ./system/adc.o (__aeabi_fdiv)
c:/siliconlabs/simplicitystudio/v4/developer/toolchains/gnu_arm/4.9_2015q3/bin/../lib/gcc/arm-none-eabi/4.9.3/armv6-m\libgcc.a(mulsf3.o)
                              ./system/adc.o (__aeabi_fmul)
c:/siliconlabs/simplicitystudio/v4/developer/toolchains/gnu_arm/4.9_2015q3/bin/../lib/gcc/arm-none-eabi/4.9.3/armv6-m\libgcc.a(subsf3.o)
                              ./system/adc.o (__aeabi_fsub)
c:/siliconlabs/simplicitystudio/v4/developer/toolchains/gnu_arm/4.9_2015q3/bin/../lib/gcc/arm-none-eabi/4.9.3/armv6-m\libgcc.a(fixsfsi.o)
                              c:/siliconlabs/simplicitystudio/v4/developer/toolchains/gnu_arm/4.9_2015q3/bin/../lib/gcc/arm-none-eabi/4.9.3/armv6-m\libgcc.a(_fixunssfsi.o) (__aeabi_f2iz)
c:/siliconlabs/simplicitystudio/v4/developer/toolchains/gnu_arm/4.9_2015q3/bin/../lib/gcc/arm-none-eabi/4.9.3/armv6-m\libgcc.a(floatsisf.o)
                              ./system/adc.o (__aeabi_i2f)
c:/siliconlabs/simplicitystudio/v4/developer/toolchains/gnu_arm/4.9_2015q3/bin/../lib/gcc/arm-none-eabi/4.9.3/armv6-m\libgcc.a(divdf3.o)
                              ./system/adc.o (__aeabi_ddiv)
c:/siliconlabs/simplicitystudio/v4/developer/toolchains/gnu_arm/4.9_2015q3/bin/../lib/gcc/arm-none-eabi/4.9.3/armv6-m\libgcc.a(muldf3.o)
                              ./system/adc.o (__aeabi_dmul)
c:/siliconlabs/simplicitystudio/v4/developer/toolchains/gnu_arm/4.9_2015q3/bin/../lib/gcc/arm-none-eabi/4.9.3/armv6-m\libgcc.a(floatunsidf.o)
                              ./system/adc.o (__aeabi_ui2d)
c:/siliconlabs/simplicitystudio/v4/developer/toolchains/gnu_arm/4.9_2015q3/bin/../lib/gcc/arm-none-eabi/4.9.3/armv6-m\libgcc.a(truncdfsf2.o)
                              ./system/adc.o (__aeabi_d2f)
c:/siliconlabs/simplicitystudio/v4/developer/toolchains/gnu_arm/4.9_2015q3/bin/../lib/gcc/arm-none-eabi/4.9.3/armv6-m\libgcc.a(_arm_cmpsf2.o)
                              c:/siliconlabs/simplicitystudio/v4/developer/toolchains/gnu_arm/4.9_2015q3/bin/../lib/gcc/arm-none-eabi/4.9.3/armv6-m\libgcc.a(_fixunssfsi.o) (__aeabi_fcmpge)
c:/siliconlabs/simplicitystudio/v4/developer/toolchains/gnu_arm/4.9_2015q3/bin/../lib/gcc/arm-none-eabi/4.9.3/armv6-m\libgcc.a(_divdi3.o)
                              c:/siliconlabs/simplicitystudio/v4/developer/toolchains/gnu_arm/4.9_2015q3/bin/../lib/gcc/arm-none-eabi/4.9.3/armv6-m\libgcc.a(bpabi.o) (__divdi3)
c:/siliconlabs/simplicitystudio/v4/developer/toolchains/gnu_arm/4.9_2015q3/bin/../lib/gcc/arm-none-eabi/4.9.3/armv6-m\libgcc.a(_udivdi3.o)
                              c:/siliconlabs/simplicitystudio/v4/developer/toolchains/gnu_arm/4.9_2015q3/bin/../lib/gcc/arm-none-eabi/4.9.3/armv6-m\libgcc.a(bpabi.o) (__udivdi3)
c:/siliconlabs/simplicitystudio/v4/developer/toolchains/gnu_arm/4.9_2015q3/bin/../lib/gcc/arm-none-eabi/4.9.3/armv6-m\libgcc.a(eqsf2.o)
                              c:/siliconlabs/simplicitystudio/v4/developer/toolchains/gnu_arm/4.9_2015q3/bin/../lib/gcc/arm-none-eabi/4.9.3/armv6-m\libgcc.a(_arm_cmpsf2.o) (__eqsf2)
[...]
Memory Configuration

Name             Origin             Length             Attributes
FLASH            0x00000000         0x00010000         xr
RAM              0x20000000         0x00002000         xrw
*default*        0x00000000         0xffffffff

Linker script and memory map

LOAD c:/siliconlabs/simplicitystudio/v4/developer/toolchains/gnu_arm/4.9_2015q3/bin/../lib/gcc/arm-none-eabi/4.9.3/armv6-m/crti.o
LOAD c:/siliconlabs/simplicitystudio/v4/developer/toolchains/gnu_arm/4.9_2015q3/bin/../lib/gcc/arm-none-eabi/4.9.3/armv6-m/crtbegin.o
LOAD c:/siliconlabs/simplicitystudio/v4/developer/toolchains/gnu_arm/4.9_2015q3/bin/../lib/gcc/arm-none-eabi/4.9.3/../../../../arm-none-eabi/lib/armv6-m/crt0.o
LOAD ./util/delay.o
LOAD ./util/util.o
LOAD ./system/adc.o
LOAD ./system/buttons.o
LOAD ./system/iic.o
LOAD ./system/irq.o
LOAD ./system/led.o
LOAD ./system/leuart.o
LOAD ./system/pm.o
LOAD ./system/system.o
LOAD ./src/main.o
LOAD ./emlib/em_adc.o
LOAD ./emlib/em_cmu.o
LOAD ./emlib/em_core.o
LOAD ./emlib/em_dma.o
LOAD ./emlib/em_emu.o
LOAD ./emlib/em_gpio.o
LOAD ./emlib/em_i2c.o
LOAD ./emlib/em_leuart.o
LOAD ./emlib/em_rmu.o
LOAD ./emlib/em_rtc.o
LOAD ./emlib/em_system.o
LOAD ./emlib/em_usart.o
LOAD ./Drivers/dmactrl.o
LOAD ./Drivers/i2cspm.o
LOAD ./Drivers/rtcdriver.o
LOAD ./CMSIS/EFM32HG/startup_efm32hg.o
LOAD ./CMSIS/EFM32HG/system_efm32hg.o
LOAD c:/siliconlabs/simplicitystudio/v4/developer/toolchains/gnu_arm/4.9_2015q3/bin/../lib/gcc/arm-none-eabi/4.9.3/../../../../arm-none-eabi/lib/armv6-m\libm.a
LOAD ./sensors/tof.o
START GROUP
LOAD c:/siliconlabs/simplicitystudio/v4/developer/toolchains/gnu_arm/4.9_2015q3/bin/../lib/gcc/arm-none-eabi/4.9.3/armv6-m\libgcc.a
LOAD c:/siliconlabs/simplicitystudio/v4/developer/toolchains/gnu_arm/4.9_2015q3/bin/../lib/gcc/arm-none-eabi/4.9.3/../../../../arm-none-eabi/lib/armv6-m\libc_nano.a
LOAD c:/siliconlabs/simplicitystudio/v4/developer/toolchains/gnu_arm/4.9_2015q3/bin/../lib/gcc/arm-none-eabi/4.9.3/../../../../arm-none-eabi/lib/armv6-m\libnosys.a
END GROUP
START GROUP
LOAD c:/siliconlabs/simplicitystudio/v4/developer/toolchains/gnu_arm/4.9_2015q3/bin/../lib/gcc/arm-none-eabi/4.9.3/armv6-m\libgcc.a
LOAD c:/siliconlabs/simplicitystudio/v4/developer/toolchains/gnu_arm/4.9_2015q3/bin/../lib/gcc/arm-none-eabi/4.9.3/../../../../arm-none-eabi/lib/armv6-m\libg_nano.a
LOAD c:/siliconlabs/simplicitystudio/v4/developer/toolchains/gnu_arm/4.9_2015q3/bin/../lib/gcc/arm-none-eabi/4.9.3/../../../../arm-none-eabi/lib/armv6-m\libc_nano.a
END GROUP
START GROUP
LOAD c:/siliconlabs/simplicitystudio/v4/developer/toolchains/gnu_arm/4.9_2015q3/bin/../lib/gcc/arm-none-eabi/4.9.3/armv6-m\libgcc.a
LOAD c:/siliconlabs/simplicitystudio/v4/developer/toolchains/gnu_arm/4.9_2015q3/bin/../lib/gcc/arm-none-eabi/4.9.3/../../../../arm-none-eabi/lib/armv6-m\libc_nano.a
END GROUP
LOAD c:/siliconlabs/simplicitystudio/v4/developer/toolchains/gnu_arm/4.9_2015q3/bin/../lib/gcc/arm-none-eabi/4.9.3/armv6-m/crtend.o
LOAD c:/siliconlabs/simplicitystudio/v4/developer/toolchains/gnu_arm/4.9_2015q3/bin/../lib/gcc/arm-none-eabi/4.9.3/armv6-m/crtn.o

.text           0x00000000     0x54ac
 *(.vectors)
 .vectors       0x00000000       0x94 ./CMSIS/EFM32HG/startup_efm32hg.o
                0x00000000                __Vectors
                0x00000094                __Vectors_End = .
                0x00000094                __Vectors_Size = (__Vectors_End - __Vectors)
                0x00000094                __end__ = .
 *(.text*)
 .text          0x00000094       0x60 c:/siliconlabs/simplicitystudio/v4/developer/toolchains/gnu_arm/4.9_2015q3/bin/../lib/gcc/arm-none-eabi/4.9.3/armv6-m/crtbegin.o
 .text          0x000000f4       0x78 c:/siliconlabs/simplicitystudio/v4/developer/toolchains/gnu_arm/4.9_2015q3/bin/../lib/gcc/arm-none-eabi/4.9.3/../../../../arm-none-eabi/lib/armv6-m/crt0.o
                0x000000f4                _start
                0x000000f4                _mainCRTStartup
 .text.Delay_Init
                0x0000016c       0x18 ./util/delay.o
                0x0000016c                Delay_Init
 .text.DelayMs  0x00000184       0x2c ./util/delay.o
                0x00000184                DelayMs
 .text.ADC_IntClear
                0x000001b0       0x18 ./system/adc.o
 .text.ADC_IntGet
                0x000001c8       0x14 ./system/adc.o
 .text.ADC0_IRQHandler
                0x000001dc       0x34 ./system/adc.o
                0x000001dc                ADC0_IRQHandler
 .text.IIC_Init
                0x00000210       0x14 ./system/iic.o
                0x00000210                IIC_Init
 .text.IIC_WriteBuffer
                0x00000224       0x88 ./system/iic.o
                0x00000224                IIC_WriteBuffer
 .text.IIC_ReadBuffer
                0x000002ac       0x7c ./system/iic.o
                0x000002ac                IIC_ReadBuffer
 .text.GPIO_IntClear
                0x00000328       0x1c ./system/irq.o
 .text.GPIO_IntGet
                0x00000344       0x18 ./system/irq.o
 .text.IRQ_Init
                0x0000035c       0x2c ./system/irq.o
                0x0000035c                IRQ_Init
 .text.GPIO_ODD_IRQHandler
                0x00000388       0x3c ./system/irq.o
                0x00000388                GPIO_ODD_IRQHandler
 .text.GPIO_EVEN_IRQHandler
                0x000003c4       0x54 ./system/irq.o
                0x000003c4                GPIO_EVEN_IRQHandler
 .text.GPIO_PinOutSet
                0x00000418       0x5c ./system/pm.o
 .text.PM_Init  0x00000474       0x2c ./system/pm.o
                0x00000474                PM_Init
 .text.PM_Enable
                0x000004a0       0x78 ./system/pm.o
                0x000004a0                PM_Enable
 .text.SYSTEM_GetProdRev
                0x00000518       0x18 ./system/system.o
 .text.CHIP_Init
                0x00000530       0x4c ./system/system.o
 .text.System_Init
                0x0000057c       0x34 ./system/system.o
                0x0000057c                System_Init
 .text.main     0x000005b0       0x98 ./src/main.o
                0x000005b0                main
 .text.BUS_RegBitWrite
                0x00000648       0x3c ./emlib/em_cmu.o
 .text.BUS_RegBitRead
                0x00000684       0x20 ./emlib/em_cmu.o
 .text.CMU_DivToLog2
                0x000006a4       0x38 ./emlib/em_cmu.o
 .text.SYSTEM_GetProdRev
                0x000006dc       0x18 ./emlib/em_cmu.o
 .text.auxClkGet
                0x000006f4       0xb0 ./emlib/em_cmu.o
 .text.dbgClkGet
                0x000007a4       0x48 ./emlib/em_cmu.o
 .text.flashWaitStateControl
                0x000007ec       0x54 ./emlib/em_cmu.o
 .text.flashWaitStateMax
                0x00000840       0x44 ./emlib/em_cmu.o
 .text.CMU_UpdateWaitStates
                0x00000884       0x48 ./emlib/em_cmu.o
                0x00000884                CMU_UpdateWaitStates
 .text.lfClkGet
                0x000008cc       0xf8 ./emlib/em_cmu.o
 .text.syncReg  0x000009c4       0x2c ./emlib/em_cmu.o
 .text.usbCClkGet
                0x000009f0       0x6c ./emlib/em_cmu.o
 .text.hfperClkSafePrescaler
                0x00000a5c        0x8 ./emlib/em_cmu.o
 .text.hfperClkOptimizedPrescaler
                0x00000a64        0x8 ./emlib/em_cmu.o
 .text.CMU_ClockDivSet
                0x00000a6c      0x15c ./emlib/em_cmu.o
                0x00000a6c                CMU_ClockDivSet
 .text.CMU_ClockEnable
                0x00000bc8       0xb4 ./emlib/em_cmu.o
                0x00000bc8                CMU_ClockEnable
 .text.CMU_ClockFreqGet
                0x00000c7c      0x140 ./emlib/em_cmu.o
                0x00000c7c                CMU_ClockFreqGet
 .text.CMU_ClockSelectGet
                0x00000dbc      0x1dc ./emlib/em_cmu.o
                0x00000dbc                CMU_ClockSelectGet
 .text.CMU_ClockSelectSet
                0x00000f98      0x248 ./emlib/em_cmu.o
                0x00000f98                CMU_ClockSelectSet
 .text.CMU_OscillatorEnable
                0x000011e0       0xd4 ./emlib/em_cmu.o
                0x000011e0                CMU_OscillatorEnable
 .text.CORE_EnterCritical
                0x000012b4       0x1c ./emlib/em_core.o
                0x000012b4                CORE_EnterCritical
 .text.CORE_ExitCritical
                0x000012d0       0x18 ./emlib/em_core.o
                0x000012d0                CORE_ExitCritical
 .text.CORE_EnterAtomic
                0x000012e8       0x1c ./emlib/em_core.o
                0x000012e8                CORE_EnterAtomic
 .text.CORE_ExitAtomic
                0x00001304       0x18 ./emlib/em_core.o
                0x00001304                CORE_ExitAtomic
 .text.DMA_IRQHandler
                0x0000131c       0xd8 ./emlib/em_dma.o
                0x0000131c                DMA_IRQHandler
 .text.SystemCoreClockUpdate
                0x000013f4        0xc ./emlib/em_emu.o
 .text.CMU_Lock
                0x00001400       0x14 ./emlib/em_emu.o
 .text.CMU_Unlock
                0x00001414       0x18 ./emlib/em_emu.o
 .text.emState  0x0000142c       0xe8 ./emlib/em_emu.o
 .text.EMU_EnterEM2
                0x00001514       0x58 ./emlib/em_emu.o
                0x00001514                EMU_EnterEM2
 .text.GPIO_PinOutClear
                0x0000156c       0x5c ./emlib/em_gpio.o
 .text.GPIO_PinOutSet
                0x000015c8       0x5c ./emlib/em_gpio.o
 .text.GPIO_PinModeSet
                0x00001624      0x15c ./emlib/em_gpio.o
                0x00001624                GPIO_PinModeSet
 .text.I2C_IntClear
                0x00001780       0x18 ./emlib/em_i2c.o
 .text.BUS_RegBitWrite
                0x00001798       0x3c ./emlib/em_i2c.o
 .text.BUS_RegMaskedWrite
                0x000017d4       0x24 ./emlib/em_i2c.o
 .text.flushRx  0x000017f8       0x20 ./emlib/em_i2c.o
 .text.I2C_BusFreqSet
                0x00001818      0x13c ./emlib/em_i2c.o
                0x00001818                I2C_BusFreqSet
 .text.I2C_Enable
                0x00001954       0x24 ./emlib/em_i2c.o
                0x00001954                I2C_Enable
 .text.I2C_Init
                0x00001978       0x60 ./emlib/em_i2c.o
                0x00001978                I2C_Init
 .text.I2C_Transfer
                0x000019d8      0x428 ./emlib/em_i2c.o
                0x000019d8                I2C_Transfer
 .text.I2C_TransferInit
                0x00001e00       0xc0 ./emlib/em_i2c.o
                0x00001e00                I2C_TransferInit
 .text.BUS_RegBitWrite
                0x00001ec0       0x3c ./emlib/em_rtc.o
 .text.RTC_CompareGet
                0x00001efc       0x38 ./emlib/em_rtc.o
                0x00001efc                RTC_CompareGet
 .text.RTC_CompareSet
                0x00001f34       0x38 ./emlib/em_rtc.o
                0x00001f34                RTC_CompareSet
 .text.RTC_Enable
                0x00001f6c       0x28 ./emlib/em_rtc.o
                0x00001f6c                RTC_Enable
 .text.RTC_Init
                0x00001f94       0x4c ./emlib/em_rtc.o
                0x00001f94                RTC_Init
 .text.RTC_CounterReset
                0x00001fe0       0x14 ./emlib/em_rtc.o
                0x00001fe0                RTC_CounterReset
 .text.GPIO_PinOutClear
                0x00001ff4       0x5c ./Drivers/i2cspm.o
 .text.GPIO_PinOutSet
                0x00002050       0x5c ./Drivers/i2cspm.o
 .text.I2CSPM_Init
                0x000020ac       0xe8 ./Drivers/i2cspm.o
                0x000020ac                I2CSPM_Init
 .text.I2CSPM_Transfer
                0x00002194       0x60 ./Drivers/i2cspm.o
                0x00002194                I2CSPM_Transfer
 .text.__NVIC_EnableIRQ
                0x000021f4       0x34 ./Drivers/rtcdriver.o
 .text.__NVIC_ClearPendingIRQ
                0x00002228       0x34 ./Drivers/rtcdriver.o
 .text.RTC_CounterGet
                0x0000225c       0x14 ./Drivers/rtcdriver.o
 .text.RTC_IntClear
                0x00002270       0x18 ./Drivers/rtcdriver.o
 .text.RTC_IntDisable
                0x00002288       0x20 ./Drivers/rtcdriver.o
 .text.RTC_IntEnable
                0x000022a8       0x20 ./Drivers/rtcdriver.o
 .text.RTC_IntGetEnabled
                0x000022c8       0x20 ./Drivers/rtcdriver.o
 .text.RTCDRV_AllocateTimer
                0x000022e8       0xac ./Drivers/rtcdriver.o
                0x000022e8                RTCDRV_AllocateTimer
 .text.RTCDRV_Init
                0x00002394       0xac ./Drivers/rtcdriver.o
                0x00002394                RTCDRV_Init
 .text.RTCDRV_StartTimer
                0x00002440      0x3a8 ./Drivers/rtcdriver.o
                0x00002440                RTCDRV_StartTimer
 .text.RTC_IRQHandler
                0x000027e8       0xc0 ./Drivers/rtcdriver.o
                0x000027e8                RTC_IRQHandler
 .text.checkAllTimers
                0x000028a8      0x2ec ./Drivers/rtcdriver.o
 .text.executeTimerCallbacks
                0x00002b94       0x64 ./Drivers/rtcdriver.o
 .text.rescheduleRtc
                0x00002bf8      0x114 ./Drivers/rtcdriver.o
 .text          0x00002d0c       0x30 ./CMSIS/EFM32HG/startup_efm32hg.o
                0x00002d0c                Reset_Handler
                0x00002d38                USART0_TX_IRQHandler
                0x00002d38                I2C0_IRQHandler
                0x00002d38                HardFault_Handler
                0x00002d38                SysTick_Handler
                0x00002d38                USART1_RX_IRQHandler
                0x00002d38                PendSV_Handler
                0x00002d38                NMI_Handler
                0x00002d38                USART1_TX_IRQHandler
                0x00002d38                MSC_IRQHandler
                0x00002d38                LEUART0_IRQHandler
                0x00002d38                TIMER0_IRQHandler
                0x00002d38                TIMER2_IRQHandler
                0x00002d38                TIMER1_IRQHandler
                0x00002d38                Default_Handler
                0x00002d38                PCNT0_IRQHandler
                0x00002d38                USB_IRQHandler
                0x00002d38                ACMP0_IRQHandler
                0x00002d38                USART0_RX_IRQHandler
                0x00002d38                SVC_Handler
                0x00002d38                CMU_IRQHandler
                0x00002d38                AES_IRQHandler
                0x00002d38                VCMP_IRQHandler
 .text.SystemCoreClockGet
                0x00002d3c       0x38 ./CMSIS/EFM32HG/system_efm32hg.o
                0x00002d3c                SystemCoreClockGet
 .text.SystemMaxCoreClockGet
                0x00002d74       0x10 ./CMSIS/EFM32HG/system_efm32hg.o
                0x00002d74                SystemMaxCoreClockGet
 .text.SystemHFClockGet
                0x00002d84      0x100 ./CMSIS/EFM32HG/system_efm32hg.o
                0x00002d84                SystemHFClockGet
 .text.SystemInit
                0x00002e84       0x18 ./CMSIS/EFM32HG/system_efm32hg.o
                0x00002e84                SystemInit
 .text.SystemLFRCOClockGet
                0x00002e9c       0x10 ./CMSIS/EFM32HG/system_efm32hg.o
                0x00002e9c                SystemLFRCOClockGet
 .text.SystemULFRCOClockGet
                0x00002eac       0x10 ./CMSIS/EFM32HG/system_efm32hg.o
                0x00002eac                SystemULFRCOClockGet
 .text.SystemLFXOClockGet
                0x00002ebc       0x14 ./CMSIS/EFM32HG/system_efm32hg.o
                0x00002ebc                SystemLFXOClockGet
 .text.tofInit  0x00002ed0       0x1c ./sensors/tof.o
                0x00002ed0                tofInit
 .text.readReg16
                0x00002eec       0x54 ./sensors/tof.o
 .text.readReg  0x00002f40       0x4c ./sensors/tof.o
 .text.readMulti
                0x00002f8c       0x48 ./sensors/tof.o
 .text.writeMulti
                0x00002fd4       0x54 ./sensors/tof.o
 .text.writeReg16
                0x00003028       0x50 ./sensors/tof.o
 .text.writeReg
                0x00003078       0x40 ./sensors/tof.o
 .text.writeRegList
                0x000030b8       0x4c ./sensors/tof.o
 .text.getSpadInfo
                0x00003104       0xf8 ./sensors/tof.o
 .text.decodeTimeout
                0x000031fc       0x2c ./sensors/tof.o
 .text.timeoutMclksToMicroseconds
                0x00003228       0x54 ./sensors/tof.o
 .text.timeoutMicrosecondsToMclks
                0x0000327c       0x4c ./sensors/tof.o
 .text.encodeTimeout
                0x000032c8       0x6c ./sensors/tof.o
 .text.getSequenceStepTimeouts
                0x00003334       0xe0 ./sensors/tof.o
 .text.setVcselPulsePeriod
                0x00003414      0x2d0 ./sensors/tof.o
 .text.setMeasurementTimingBudget
                0x000036e4      0x1ac ./sensors/tof.o
 .text.getMeasurementTimingBudget
                0x00003890      0x130 ./sensors/tof.o
 .text.performSingleRefCalibration
                0x000039c0       0x64 ./sensors/tof.o
 .text.initSensor
                0x00003a24      0x214 ./sensors/tof.o
 .text.readRangeContinuousMillimeters
                0x00003c38       0x58 ./sensors/tof.o
                0x00003c38                readRangeContinuousMillimeters
 .text.tofReadDistance
                0x00003c90       0x8c ./sensors/tof.o
                0x00003c90                tofReadDistance
 .text.tofGetModel
                0x00003d1c       0x9c ./sensors/tof.o
                0x00003d1c                tofGetModel
 .text          0x00003db8      0x120 c:/siliconlabs/simplicitystudio/v4/developer/toolchains/gnu_arm/4.9_2015q3/bin/../lib/gcc/arm-none-eabi/4.9.3/armv6-m\libgcc.a(_udivsi3.o)
                0x00003db8                __aeabi_uidiv
                0x00003db8                __udivsi3
                0x00003ec4                __aeabi_uidivmod
 .text          0x00003ed8        0x4 c:/siliconlabs/simplicitystudio/v4/developer/toolchains/gnu_arm/4.9_2015q3/bin/../lib/gcc/arm-none-eabi/4.9.3/armv6-m\libgcc.a(_dvmd_tls.o)
                0x00003ed8                __aeabi_idiv0
                0x00003ed8                __aeabi_ldiv0
 .text          0x00003edc       0x3c c:/siliconlabs/simplicitystudio/v4/developer/toolchains/gnu_arm/4.9_2015q3/bin/../lib/gcc/arm-none-eabi/4.9.3/armv6-m\libgcc.a(_clzsi2.o)
                0x00003edc                __clzsi2
 .text          0x00003f18       0x40 c:/siliconlabs/simplicitystudio/v4/developer/toolchains/gnu_arm/4.9_2015q3/bin/../lib/gcc/arm-none-eabi/4.9.3/armv6-m\libgcc.a(_aeabi_uldivmod.o)
                0x00003f18                __aeabi_uldivmod
 .text          0x00003f58       0x54 c:/siliconlabs/simplicitystudio/v4/developer/toolchains/gnu_arm/4.9_2015q3/bin/../lib/gcc/arm-none-eabi/4.9.3/armv6-m\libgcc.a(_muldi3.o)
                0x00003f58                __muldi3
                0x00003f58                __aeabi_lmul
 .text          0x00003fac       0x6c c:/siliconlabs/simplicitystudio/v4/developer/toolchains/gnu_arm/4.9_2015q3/bin/../lib/gcc/arm-none-eabi/4.9.3/armv6-m\libgcc.a(bpabi.o)
                0x00003fac                __gnu_ldivmod_helper
                0x00003fe4                __gnu_uldivmod_helper
 .text          0x00004018      0x1f0 c:/siliconlabs/simplicitystudio/v4/developer/toolchains/gnu_arm/4.9_2015q3/bin/../lib/gcc/arm-none-eabi/4.9.3/armv6-m\libgcc.a(_divdi3.o)
                0x00004018                __divdi3
 .text          0x00004208      0x158 c:/siliconlabs/simplicitystudio/v4/developer/toolchains/gnu_arm/4.9_2015q3/bin/../lib/gcc/arm-none-eabi/4.9.3/armv6-m\libgcc.a(_udivdi3.o)
                0x00004208                __udivdi3
 .text          0x00004360       0x18 c:/siliconlabs/simplicitystudio/v4/developer/toolchains/gnu_arm/4.9_2015q3/bin/../lib/gcc/arm-none-eabi/4.9.3/armv6-m\libgcc.a(_clzdi2.o)
                0x00004360                __clzdi2
 .text.exit     0x00004378       0x2c c:/siliconlabs/simplicitystudio/v4/developer/toolchains/gnu_arm/4.9_2015q3/bin/../lib/gcc/arm-none-eabi/4.9.3/../../../../arm-none-eabi/lib/armv6-m\libc_nano.a(lib_a-exit.o)
                0x00004378                exit
 .text.fprintf  0x000043a4       0x20 c:/siliconlabs/simplicitystudio/v4/developer/toolchains/gnu_arm/4.9_2015q3/bin/../lib/gcc/arm-none-eabi/4.9.3/../../../../arm-none-eabi/lib/armv6-m\libc_nano.a(lib_a-fprintf.o)
                0x000043a4                fiprintf
                0x000043a4                fprintf
 .text.__libc_init_array
                0x000043c4       0x4c c:/siliconlabs/simplicitystudio/v4/developer/toolchains/gnu_arm/4.9_2015q3/bin/../lib/gcc/arm-none-eabi/4.9.3/../../../../arm-none-eabi/lib/armv6-m\libc_nano.a(lib_a-init.o)
                0x000043c4                __libc_init_array
 .text.memcpy   0x00004410       0x12 c:/siliconlabs/simplicitystudio/v4/developer/toolchains/gnu_arm/4.9_2015q3/bin/../lib/gcc/arm-none-eabi/4.9.3/../../../../arm-none-eabi/lib/armv6-m\libc_nano.a(lib_a-memcpy.o)
                0x00004410                memcpy
 .text.memset   0x00004422       0x10 c:/siliconlabs/simplicitystudio/v4/developer/toolchains/gnu_arm/4.9_2015q3/bin/../lib/gcc/arm-none-eabi/4.9.3/../../../../arm-none-eabi/lib/armv6-m\libc_nano.a(lib_a-memset.o)
                0x00004422                memset
 *fill*         0x00004432        0x2 
 .text._free_r  0x00004434       0x8c c:/siliconlabs/simplicitystudio/v4/developer/toolchains/gnu_arm/4.9_2015q3/bin/../lib/gcc/arm-none-eabi/4.9.3/../../../../arm-none-eabi/lib/armv6-m\libc_nano.a(lib_a-nano-freer.o)
                0x00004434                _free_r
 .text._malloc_r
                0x000044c0       0xb0 c:/siliconlabs/simplicitystudio/v4/developer/toolchains/gnu_arm/4.9_2015q3/bin/../lib/gcc/arm-none-eabi/4.9.3/../../../../arm-none-eabi/lib/armv6-m\libc_nano.a(lib_a-nano-mallocr.o)
                0x000044c0                _malloc_r
 .text.__sfputc_r
                0x00004570       0x2a c:/siliconlabs/simplicitystudio/v4/developer/toolchains/gnu_arm/4.9_2015q3/bin/../lib/gcc/arm-none-eabi/4.9.3/../../../../arm-none-eabi/lib/armv6-m\libc_nano.a(lib_a-nano-vfprintf.o)
 .text.__sfputs_r
                0x0000459a       0x24 c:/siliconlabs/simplicitystudio/v4/developer/toolchains/gnu_arm/4.9_2015q3/bin/../lib/gcc/arm-none-eabi/4.9.3/../../../../arm-none-eabi/lib/armv6-m\libc_nano.a(lib_a-nano-vfprintf.o)
                0x0000459a                __sfputs_r
 *fill*         0x000045be        0x2 
 .text._vfprintf_r
                0x000045c0      0x220 c:/siliconlabs/simplicitystudio/v4/developer/toolchains/gnu_arm/4.9_2015q3/bin/../lib/gcc/arm-none-eabi/4.9.3/../../../../arm-none-eabi/lib/armv6-m\libc_nano.a(lib_a-nano-vfprintf.o)
                0x000045c0                _vfprintf_r
                0x000045c0                _vfiprintf_r
 .text._printf_common
                0x000047e0       0xdc c:/siliconlabs/simplicitystudio/v4/developer/toolchains/gnu_arm/4.9_2015q3/bin/../lib/gcc/arm-none-eabi/4.9.3/../../../../arm-none-eabi/lib/armv6-m\libc_nano.a(lib_a-nano-vfprintf_i.o)
                0x000047e0                _printf_common
 .text._printf_i
                0x000048bc      0x230 c:/siliconlabs/simplicitystudio/v4/developer/toolchains/gnu_arm/4.9_2015q3/bin/../lib/gcc/arm-none-eabi/4.9.3/../../../../arm-none-eabi/lib/armv6-m\libc_nano.a(lib_a-nano-vfprintf_i.o)
                0x000048bc                _printf_i
 .text._sbrk_r  0x00004aec       0x24 c:/siliconlabs/simplicitystudio/v4/developer/toolchains/gnu_arm/4.9_2015q3/bin/../lib/gcc/arm-none-eabi/4.9.3/../../../../arm-none-eabi/lib/armv6-m\libc_nano.a(lib_a-sbrkr.o)
                0x00004aec                _sbrk_r
 .text.__swbuf_r
                0x00004b10       0xb0 c:/siliconlabs/simplicitystudio/v4/developer/toolchains/gnu_arm/4.9_2015q3/bin/../lib/gcc/arm-none-eabi/4.9.3/../../../../arm-none-eabi/lib/armv6-m\libc_nano.a(lib_a-wbuf.o)
                0x00004b10                __swbuf_r
 .text.__swsetup_r
                0x00004bc0       0xe8 c:/siliconlabs/simplicitystudio/v4/developer/toolchains/gnu_arm/4.9_2015q3/bin/../lib/gcc/arm-none-eabi/4.9.3/../../../../arm-none-eabi/lib/armv6-m\libc_nano.a(lib_a-wsetup.o)
                0x00004bc0                __swsetup_r
 .text.__sflush_r
                0x00004ca8      0x112 c:/siliconlabs/simplicitystudio/v4/developer/toolchains/gnu_arm/4.9_2015q3/bin/../lib/gcc/arm-none-eabi/4.9.3/../../../../arm-none-eabi/lib/armv6-m\libc_nano.a(lib_a-fflush.o)
                0x00004ca8                __sflush_r
 *fill*         0x00004dba        0x2 
 .text._fflush_r
                0x00004dbc       0x58 c:/siliconlabs/simplicitystudio/v4/developer/toolchains/gnu_arm/4.9_2015q3/bin/../lib/gcc/arm-none-eabi/4.9.3/../../../../arm-none-eabi/lib/armv6-m\libc_nano.a(lib_a-fflush.o)
                0x00004dbc                _fflush_r
 .text._cleanup_r
                0x00004e14       0x10 c:/siliconlabs/simplicitystudio/v4/developer/toolchains/gnu_arm/4.9_2015q3/bin/../lib/gcc/arm-none-eabi/4.9.3/../../../../arm-none-eabi/lib/armv6-m\libc_nano.a(lib_a-findfp.o)
                0x00004e14                _cleanup_r
 .text.std.isra.0
                0x00004e24       0x48 c:/siliconlabs/simplicitystudio/v4/developer/toolchains/gnu_arm/4.9_2015q3/bin/../lib/gcc/arm-none-eabi/4.9.3/../../../../arm-none-eabi/lib/armv6-m\libc_nano.a(lib_a-findfp.o)
 .text.__sfmoreglue
                0x00004e6c       0x2c c:/siliconlabs/simplicitystudio/v4/developer/toolchains/gnu_arm/4.9_2015q3/bin/../lib/gcc/arm-none-eabi/4.9.3/../../../../arm-none-eabi/lib/armv6-m\libc_nano.a(lib_a-findfp.o)
                0x00004e6c                __sfmoreglue
 .text.__sinit  0x00004e98       0x64 c:/siliconlabs/simplicitystudio/v4/developer/toolchains/gnu_arm/4.9_2015q3/bin/../lib/gcc/arm-none-eabi/4.9.3/../../../../arm-none-eabi/lib/armv6-m\libc_nano.a(lib_a-findfp.o)
                0x00004e98                __sinit
 .text.__sfp    0x00004efc       0x7c c:/siliconlabs/simplicitystudio/v4/developer/toolchains/gnu_arm/4.9_2015q3/bin/../lib/gcc/arm-none-eabi/4.9.3/../../../../arm-none-eabi/lib/armv6-m\libc_nano.a(lib_a-findfp.o)
                0x00004efc                __sfp
 .text._fwalk_reent
                0x00004f78       0x42 c:/siliconlabs/simplicitystudio/v4/developer/toolchains/gnu_arm/4.9_2015q3/bin/../lib/gcc/arm-none-eabi/4.9.3/../../../../arm-none-eabi/lib/armv6-m\libc_nano.a(lib_a-fwalk.o)
                0x00004f78                _fwalk_reent
 *fill*         0x00004fba        0x2 
 .text.__smakebuf_r
                0x00004fbc       0xb0 c:/siliconlabs/simplicitystudio/v4/developer/toolchains/gnu_arm/4.9_2015q3/bin/../lib/gcc/arm-none-eabi/4.9.3/../../../../arm-none-eabi/lib/armv6-m\libc_nano.a(lib_a-makebuf.o)
                0x00004fbc                __smakebuf_r
 .text.memchr   0x0000506c       0x16 c:/siliconlabs/simplicitystudio/v4/developer/toolchains/gnu_arm/4.9_2015q3/bin/../lib/gcc/arm-none-eabi/4.9.3/../../../../arm-none-eabi/lib/armv6-m\libc_nano.a(lib_a-memchr.o)
                0x0000506c                memchr
 *fill*         0x00005082        0x2 
 .text.__sread  0x00005084       0x28 c:/siliconlabs/simplicitystudio/v4/developer/toolchains/gnu_arm/4.9_2015q3/bin/../lib/gcc/arm-none-eabi/4.9.3/../../../../arm-none-eabi/lib/armv6-m\libc_nano.a(lib_a-stdio.o)
                0x00005084                __sread
 .text.__swrite
                0x000050ac       0x38 c:/siliconlabs/simplicitystudio/v4/developer/toolchains/gnu_arm/4.9_2015q3/bin/../lib/gcc/arm-none-eabi/4.9.3/../../../../arm-none-eabi/lib/armv6-m\libc_nano.a(lib_a-stdio.o)
                0x000050ac                __swrite
 .text.__sseek  0x000050e4       0x2c c:/siliconlabs/simplicitystudio/v4/developer/toolchains/gnu_arm/4.9_2015q3/bin/../lib/gcc/arm-none-eabi/4.9.3/../../../../arm-none-eabi/lib/armv6-m\libc_nano.a(lib_a-stdio.o)
                0x000050e4                __sseek
 .text.__sclose
                0x00005110        0xc c:/siliconlabs/simplicitystudio/v4/developer/toolchains/gnu_arm/4.9_2015q3/bin/../lib/gcc/arm-none-eabi/4.9.3/../../../../arm-none-eabi/lib/armv6-m\libc_nano.a(lib_a-stdio.o)
                0x00005110                __sclose
 .text._write_r
                0x0000511c       0x28 c:/siliconlabs/simplicitystudio/v4/developer/toolchains/gnu_arm/4.9_2015q3/bin/../lib/gcc/arm-none-eabi/4.9.3/../../../../arm-none-eabi/lib/armv6-m\libc_nano.a(lib_a-writer.o)
                0x0000511c                _write_r
 .text._close_r
                0x00005144       0x24 c:/siliconlabs/simplicitystudio/v4/developer/toolchains/gnu_arm/4.9_2015q3/bin/../lib/gcc/arm-none-eabi/4.9.3/../../../../arm-none-eabi/lib/armv6-m\libc_nano.a(lib_a-closer.o)
                0x00005144                _close_r
 .text._fstat_r
                0x00005168       0x24 c:/siliconlabs/simplicitystudio/v4/developer/toolchains/gnu_arm/4.9_2015q3/bin/../lib/gcc/arm-none-eabi/4.9.3/../../../../arm-none-eabi/lib/armv6-m\libc_nano.a(lib_a-fstatr.o)
                0x00005168                _fstat_r
 .text._isatty_r
                0x0000518c       0x24 c:/siliconlabs/simplicitystudio/v4/developer/toolchains/gnu_arm/4.9_2015q3/bin/../lib/gcc/arm-none-eabi/4.9.3/../../../../arm-none-eabi/lib/armv6-m\libc_nano.a(lib_a-isattyr.o)
                0x0000518c                _isatty_r
 .text._lseek_r
                0x000051b0       0x28 c:/siliconlabs/simplicitystudio/v4/developer/toolchains/gnu_arm/4.9_2015q3/bin/../lib/gcc/arm-none-eabi/4.9.3/../../../../arm-none-eabi/lib/armv6-m\libc_nano.a(lib_a-lseekr.o)
                0x000051b0                _lseek_r
 .text._read_r  0x000051d8       0x28 c:/siliconlabs/simplicitystudio/v4/developer/toolchains/gnu_arm/4.9_2015q3/bin/../lib/gcc/arm-none-eabi/4.9.3/../../../../arm-none-eabi/lib/armv6-m\libc_nano.a(lib_a-readr.o)
                0x000051d8                _read_r
 .text._close   0x00005200       0x10 c:/siliconlabs/simplicitystudio/v4/developer/toolchains/gnu_arm/4.9_2015q3/bin/../lib/gcc/arm-none-eabi/4.9.3/../../../../arm-none-eabi/lib/armv6-m\libnosys.a(close.o)
                0x00005200                _close
 .text._fstat   0x00005210       0x10 c:/siliconlabs/simplicitystudio/v4/developer/toolchains/gnu_arm/4.9_2015q3/bin/../lib/gcc/arm-none-eabi/4.9.3/../../../../arm-none-eabi/lib/armv6-m\libnosys.a(fstat.o)
                0x00005210                _fstat
 .text._isatty  0x00005220       0x10 c:/siliconlabs/simplicitystudio/v4/developer/toolchains/gnu_arm/4.9_2015q3/bin/../lib/gcc/arm-none-eabi/4.9.3/../../../../arm-none-eabi/lib/armv6-m\libnosys.a(isatty.o)
                0x00005220                _isatty
 .text._lseek   0x00005230       0x10 c:/siliconlabs/simplicitystudio/v4/developer/toolchains/gnu_arm/4.9_2015q3/bin/../lib/gcc/arm-none-eabi/4.9.3/../../../../arm-none-eabi/lib/armv6-m\libnosys.a(lseek.o)
                0x00005230                _lseek
 .text._read    0x00005240       0x10 c:/siliconlabs/simplicitystudio/v4/developer/toolchains/gnu_arm/4.9_2015q3/bin/../lib/gcc/arm-none-eabi/4.9.3/../../../../arm-none-eabi/lib/armv6-m\libnosys.a(read.o)
                0x00005240                _read
 .text._sbrk    0x00005250       0x1c c:/siliconlabs/simplicitystudio/v4/developer/toolchains/gnu_arm/4.9_2015q3/bin/../lib/gcc/arm-none-eabi/4.9.3/../../../../arm-none-eabi/lib/armv6-m\libnosys.a(sbrk.o)
                0x00005250                _sbrk
 .text._write   0x0000526c       0x10 c:/siliconlabs/simplicitystudio/v4/developer/toolchains/gnu_arm/4.9_2015q3/bin/../lib/gcc/arm-none-eabi/4.9.3/../../../../arm-none-eabi/lib/armv6-m\libnosys.a(write.o)
                0x0000526c                _write
 .text._exit    0x0000527c        0x4 c:/siliconlabs/simplicitystudio/v4/developer/toolchains/gnu_arm/4.9_2015q3/bin/../lib/gcc/arm-none-eabi/4.9.3/../../../../arm-none-eabi/lib/armv6-m\libnosys.a(_exit.o)
                0x0000527c                _exit
 *(.init)
 .init          0x00005280        0x4 c:/siliconlabs/simplicitystudio/v4/developer/toolchains/gnu_arm/4.9_2015q3/bin/../lib/gcc/arm-none-eabi/4.9.3/armv6-m/crti.o
                0x00005280                _init
 .init          0x00005284        0x8 c:/siliconlabs/simplicitystudio/v4/developer/toolchains/gnu_arm/4.9_2015q3/bin/../lib/gcc/arm-none-eabi/4.9.3/armv6-m/crtn.o
 *(.fini)
 .fini          0x0000528c        0x4 c:/siliconlabs/simplicitystudio/v4/developer/toolchains/gnu_arm/4.9_2015q3/bin/../lib/gcc/arm-none-eabi/4.9.3/armv6-m/crti.o
                0x0000528c                _fini
 .fini          0x00005290        0x8 c:/siliconlabs/simplicitystudio/v4/developer/toolchains/gnu_arm/4.9_2015q3/bin/../lib/gcc/arm-none-eabi/4.9.3/armv6-m/crtn.o
 .fini.__stub   0x00005298       0x10 linker stubs
 *crtbegin.o(.ctors)
 *crtbegin?.o(.ctors)
 *(EXCLUDE_FILE(*crtend.o *crtend?.o) .ctors)
 *(SORT(.ctors.*))
 *(.ctors)
 *crtbegin.o(.dtors)
 *crtbegin?.o(.dtors)
 *(EXCLUDE_FILE(*crtend.o *crtend?.o) .dtors)
 *(SORT(.dtors.*))
 *(.dtors)
 *(.rodata*)
 .rodata.CMU_ClockDivSet
                0x000052a8       0x28 ./emlib/em_cmu.o
 .rodata.CMU_ClockEnable
                0x000052d0       0x2c ./emlib/em_cmu.o
 .rodata.CMU_ClockSelectGet
                0x000052fc       0x20 ./emlib/em_cmu.o
 .rodata.CMU_ClockSelectSet
                0x0000531c       0x88 ./emlib/em_cmu.o
 .rodata.CMU_OscillatorEnable
                0x000053a4       0x18 ./emlib/em_cmu.o
 .rodata.i2cNSum
                0x000053bc        0x4 ./emlib/em_i2c.o
 .rodata.I2C_Transfer
                0x000053c0       0x24 ./emlib/em_i2c.o
 .rodata.initRTC
                0x000053e4        0x3 ./Drivers/rtcdriver.o
 *fill*         0x000053e7        0x1 
 .rodata        0x000053e8       0x25 ./sensors/tof.o
 .rodata.str1.1
                0x0000540d        0x2 c:/siliconlabs/simplicitystudio/v4/developer/toolchains/gnu_arm/4.9_2015q3/bin/../lib/gcc/arm-none-eabi/4.9.3/../../../../arm-none-eabi/lib/armv6-m\libc_nano.a(lib_a-impure.o)
 *fill*         0x0000540f        0x1 
 .rodata._global_impure_ptr
                0x00005410        0x4 c:/siliconlabs/simplicitystudio/v4/developer/toolchains/gnu_arm/4.9_2015q3/bin/../lib/gcc/arm-none-eabi/4.9.3/../../../../arm-none-eabi/lib/armv6-m\libc_nano.a(lib_a-impure.o)
                0x00005410                _global_impure_ptr
 .rodata.str1.1
                0x00005414       0x11 c:/siliconlabs/simplicitystudio/v4/developer/toolchains/gnu_arm/4.9_2015q3/bin/../lib/gcc/arm-none-eabi/4.9.3/../../../../arm-none-eabi/lib/armv6-m\libc_nano.a(lib_a-nano-vfprintf.o)
 .rodata.str1.1
                0x00005425       0x22 c:/siliconlabs/simplicitystudio/v4/developer/toolchains/gnu_arm/4.9_2015q3/bin/../lib/gcc/arm-none-eabi/4.9.3/../../../../arm-none-eabi/lib/armv6-m\libc_nano.a(lib_a-nano-vfprintf_i.o)
 *fill*         0x00005447        0x1 
 .rodata.__sf_fake_stdin
                0x00005448       0x20 c:/siliconlabs/simplicitystudio/v4/developer/toolchains/gnu_arm/4.9_2015q3/bin/../lib/gcc/arm-none-eabi/4.9.3/../../../../arm-none-eabi/lib/armv6-m\libc_nano.a(lib_a-findfp.o)
                0x00005448                __sf_fake_stdin
 .rodata.__sf_fake_stdout
                0x00005468       0x20 c:/siliconlabs/simplicitystudio/v4/developer/toolchains/gnu_arm/4.9_2015q3/bin/../lib/gcc/arm-none-eabi/4.9.3/../../../../arm-none-eabi/lib/armv6-m\libc_nano.a(lib_a-findfp.o)
                0x00005468                __sf_fake_stdout
 .rodata.__sf_fake_stderr
                0x00005488       0x20 c:/siliconlabs/simplicitystudio/v4/developer/toolchains/gnu_arm/4.9_2015q3/bin/../lib/gcc/arm-none-eabi/4.9.3/../../../../arm-none-eabi/lib/armv6-m\libc_nano.a(lib_a-findfp.o)
                0x00005488                __sf_fake_stderr
 *(.eh_frame*)
 .eh_frame      0x000054a8        0x0 c:/siliconlabs/simplicitystudio/v4/developer/toolchains/gnu_arm/4.9_2015q3/bin/../lib/gcc/arm-none-eabi/4.9.3/armv6-m/crtbegin.o
 .eh_frame      0x000054a8        0x4 c:/siliconlabs/simplicitystudio/v4/developer/toolchains/gnu_arm/4.9_2015q3/bin/../lib/gcc/arm-none-eabi/4.9.3/armv6-m/crtend.o

.glue_7         0x000054ac        0x0
 .glue_7        0x00000000        0x0 linker stubs

.glue_7t        0x000054ac        0x0
 .glue_7t       0x00000000        0x0 linker stubs

.vfp11_veneer   0x000054ac        0x0
 .vfp11_veneer  0x00000000        0x0 linker stubs

.v4_bx          0x000054ac        0x0
 .v4_bx         0x00000000        0x0 linker stubs

.iplt           0x000054ac        0x0
 .iplt          0x00000000        0x0 c:/siliconlabs/simplicitystudio/v4/developer/toolchains/gnu_arm/4.9_2015q3/bin/../lib/gcc/arm-none-eabi/4.9.3/armv6-m/crtbegin.o

.ARM.extab
 *(.ARM.extab* .gnu.linkonce.armextab.*)
                0x000054ac                __exidx_start = .

.ARM.exidx      0x000054ac        0x8
 *(.ARM.exidx* .gnu.linkonce.armexidx.*)
 .ARM.exidx     0x000054ac        0x8 c:/siliconlabs/simplicitystudio/v4/developer/toolchains/gnu_arm/4.9_2015q3/bin/../lib/gcc/arm-none-eabi/4.9.3/../../../../arm-none-eabi/lib/armv6-m/crt0.o
 .ARM.exidx     0x000054b4        0x0 c:/siliconlabs/simplicitystudio/v4/developer/toolchains/gnu_arm/4.9_2015q3/bin/../lib/gcc/arm-none-eabi/4.9.3/armv6-m\libgcc.a(_divdi3.o)
                                  0x8 (size before relaxing)
 .ARM.exidx     0x000054b4        0x0 c:/siliconlabs/simplicitystudio/v4/developer/toolchains/gnu_arm/4.9_2015q3/bin/../lib/gcc/arm-none-eabi/4.9.3/armv6-m\libgcc.a(_udivdi3.o)
                                  0x8 (size before relaxing)
                0x000054b4                __exidx_end = .
                0x000054b4                __etext = .

.rel.dyn        0x000054b4        0x0
 .rel.iplt      0x00000000        0x0 c:/siliconlabs/simplicitystudio/v4/developer/toolchains/gnu_arm/4.9_2015q3/bin/../lib/gcc/arm-none-eabi/4.9.3/armv6-m/crtbegin.o

.data           0x20000000      0x190 load address 0x000054b4
                0x20000000                __data_start__ = .
 *(vtable)
 *(.data*)
 .data.i2cInit  0x20000000       0x18 ./system/iic.o
                0x20000000                i2cInit
 .data.ushfrcoFreq
                0x20000018        0x4 ./emlib/em_cmu.o
 .data.SystemHFXOClock
                0x2000001c        0x4 ./CMSIS/EFM32HG/system_efm32hg.o
 .data.SystemLFXOClock
                0x20000020        0x4 ./CMSIS/EFM32HG/system_efm32hg.o
 .data.SystemCoreClock
                0x20000024        0x4 ./CMSIS/EFM32HG/system_efm32hg.o
                0x20000024                SystemCoreClock
 .data.ucI2CMode
                0x20000028        0x9 ./sensors/tof.o
                0x20000028                ucI2CMode
 *fill*         0x20000031        0x3 
 .data.ucI2CMode2
                0x20000034        0x7 ./sensors/tof.o
                0x20000034                ucI2CMode2
 *fill*         0x2000003b        0x1 
 .data.ucSPAD0  0x2000003c        0x9 ./sensors/tof.o
                0x2000003c                ucSPAD0
 *fill*         0x20000045        0x3 
 .data.ucSPAD1  0x20000048        0xb ./sensors/tof.o
                0x20000048                ucSPAD1
 *fill*         0x20000053        0x1 
 .data.ucSPAD2  0x20000054        0x9 ./sensors/tof.o
                0x20000054                ucSPAD2
 *fill*         0x2000005d        0x3 
 .data.ucSPAD   0x20000060        0xb ./sensors/tof.o
                0x20000060                ucSPAD
 *fill*         0x2000006b        0x1 
 .data.ucDefTuning
                0x2000006c       0xa1 ./sensors/tof.o
                0x2000006c                ucDefTuning
 *fill*         0x2000010d        0x3 
 .data.impure_data
                0x20000110       0x60 c:/siliconlabs/simplicitystudio/v4/developer/toolchains/gnu_arm/4.9_2015q3/bin/../lib/gcc/arm-none-eabi/4.9.3/../../../../arm-none-eabi/lib/armv6-m\libc_nano.a(lib_a-impure.o)
 .data._impure_ptr
                0x20000170        0x4 c:/siliconlabs/simplicitystudio/v4/developer/toolchains/gnu_arm/4.9_2015q3/bin/../lib/gcc/arm-none-eabi/4.9.3/../../../../arm-none-eabi/lib/armv6-m\libc_nano.a(lib_a-impure.o)
                0x20000170                _impure_ptr
                0x20000174                . = ALIGN (0x4)
 *(.ram)
 .ram           0x20000174       0x10 ./emlib/em_emu.o
                0x20000184                . = ALIGN (0x4)
                0x20000184                PROVIDE (__preinit_array_start, .)
 *(.preinit_array)
                0x20000184                PROVIDE (__preinit_array_end, .)
                0x20000184                . = ALIGN (0x4)
                0x20000184                PROVIDE (__init_array_start, .)
 *(SORT(.init_array.*))
 *(.init_array)
 .init_array    0x20000184        0x4 c:/siliconlabs/simplicitystudio/v4/developer/toolchains/gnu_arm/4.9_2015q3/bin/../lib/gcc/arm-none-eabi/4.9.3/armv6-m/crtbegin.o
                0x20000188                PROVIDE (__init_array_end, .)
                0x20000188                . = ALIGN (0x4)
                0x20000188                PROVIDE (__fini_array_start, .)
 *(SORT(.fini_array.*))
 *(.fini_array)
 .fini_array    0x20000188        0x4 c:/siliconlabs/simplicitystudio/v4/developer/toolchains/gnu_arm/4.9_2015q3/bin/../lib/gcc/arm-none-eabi/4.9.3/armv6-m/crtbegin.o
                0x2000018c                PROVIDE (__fini_array_end, .)
 *(.jcr*)
 .jcr           0x2000018c        0x0 c:/siliconlabs/simplicitystudio/v4/developer/toolchains/gnu_arm/4.9_2015q3/bin/../lib/gcc/arm-none-eabi/4.9.3/armv6-m/crtbegin.o
 .jcr           0x2000018c        0x4 c:/siliconlabs/simplicitystudio/v4/developer/toolchains/gnu_arm/4.9_2015q3/bin/../lib/gcc/arm-none-eabi/4.9.3/armv6-m/crtend.o
                0x20000190                . = ALIGN (0x4)
                0x20000190                __data_end__ = .

.igot.plt       0x20000190        0x0 load address 0x00005644
 .igot.plt      0x00000000        0x0 c:/siliconlabs/simplicitystudio/v4/developer/toolchains/gnu_arm/4.9_2015q3/bin/../lib/gcc/arm-none-eabi/4.9.3/armv6-m/crtbegin.o

.bss            0x20000190       0xec load address 0x00005648
                0x20000190                . = ALIGN (0x4)
                0x20000190                __bss_start__ = .
 *(.bss*)
 .bss           0x20000190       0x1c c:/siliconlabs/simplicitystudio/v4/developer/toolchains/gnu_arm/4.9_2015q3/bin/../lib/gcc/arm-none-eabi/4.9.3/armv6-m/crtbegin.o
 .bss.adcConversionComplete
                0x200001ac        0x1 ./system/adc.o
                0x200001ac                adcConversionComplete
 .bss.em4WakeUp
                0x200001ad        0x1 ./system/system.o
 .bss.appState  0x200001ae        0x1 ./src/main.o
 *fill*         0x200001af        0x1 
 .bss.cmuStatus.8050
                0x200001b0        0x4 ./emlib/em_emu.o
 .bss.hfClock.8051
                0x200001b4        0x1 ./emlib/em_emu.o
 *fill*         0x200001b5        0x3 
 .bss.i2cTransfer
                0x200001b8        0xc ./emlib/em_i2c.o
 *fill*         0x200001c4        0x4 
 .bss.timer     0x200001c8       0x50 ./Drivers/rtcdriver.o
 .bss.lastStart
                0x20000218        0x4 ./Drivers/rtcdriver.o
 .bss.startTimerNestingLevel
                0x2000021c        0x4 ./Drivers/rtcdriver.o
 .bss.inTimerIRQ
                0x20000220        0x1 ./Drivers/rtcdriver.o
 .bss.rtcRunning
                0x20000221        0x1 ./Drivers/rtcdriver.o
 .bss.rtcdrvIsInitialized
                0x20000222        0x1 ./Drivers/rtcdriver.o
 .bss.stop_variable
                0x20000223        0x1 ./sensors/tof.o
 .bss.measurement_timing_budget_us
                0x20000224        0x4 ./sensors/tof.o
 .bss.__malloc_sbrk_start
                0x20000228        0x4 c:/siliconlabs/simplicitystudio/v4/developer/toolchains/gnu_arm/4.9_2015q3/bin/../lib/gcc/arm-none-eabi/4.9.3/../../../../arm-none-eabi/lib/armv6-m\libc_nano.a(lib_a-nano-mallocr.o)
                0x20000228                __malloc_sbrk_start
 .bss.__malloc_free_list
                0x2000022c        0x4 c:/siliconlabs/simplicitystudio/v4/developer/toolchains/gnu_arm/4.9_2015q3/bin/../lib/gcc/arm-none-eabi/4.9.3/../../../../arm-none-eabi/lib/armv6-m\libc_nano.a(lib_a-nano-mallocr.o)
                0x2000022c                __malloc_free_list
 .bss.heap_end.4079
                0x20000230        0x4 c:/siliconlabs/simplicitystudio/v4/developer/toolchains/gnu_arm/4.9_2015q3/bin/../lib/gcc/arm-none-eabi/4.9.3/../../../../arm-none-eabi/lib/armv6-m\libnosys.a(sbrk.o)
 *(COMMON)
 COMMON         0x20000234        0x4 ./util/delay.o
                0x20000234                xTimerForWakeUp
 COMMON         0x20000238       0x40 ./system/irq.o
                0x20000238                irq
 COMMON         0x20000278        0x4 c:/siliconlabs/simplicitystudio/v4/developer/toolchains/gnu_arm/4.9_2015q3/bin/../lib/gcc/arm-none-eabi/4.9.3/../../../../arm-none-eabi/lib/armv6-m\libc_nano.a(lib_a-reent.o)
                0x20000278                errno
                0x2000027c                . = ALIGN (0x4)
                0x2000027c                __bss_end__ = .

.heap           0x20000280      0x400
                0x20000280                __HeapBase = .
                0x20000280                __end__ = .
                0x20000280                end = __end__
                0x20000280                _end = __end__
 *(.heap*)
 .heap          0x20000280      0x400 ./CMSIS/EFM32HG/startup_efm32hg.o
                0x20000680                __HeapLimit = .

.stack_dummy    0x20000280      0x400
 *(.stack*)
 .stack         0x20000280      0x400 ./CMSIS/EFM32HG/startup_efm32hg.o
                0x20002000                __StackTop = (ORIGIN (RAM) + 0x2000)
                0x20001c00                __StackLimit = (__StackTop - SIZEOF (.stack_dummy))
                0x20002000                PROVIDE (__stack, __StackTop)
                0x00000001                ASSERT ((__StackLimit >= __HeapLimit), region RAM overflowed with stack)
                0x00000001                ASSERT ((0x10000 >= (__etext + SIZEOF (.data))), FLASH memory overflowed !)
OUTPUT(EFM32-Sensor.axf elf32-littlearm)

.ARM.attributes
                0x00000000       0x28
 .ARM.attributes
                0x00000000       0x1e c:/siliconlabs/simplicitystudio/v4/developer/toolchains/gnu_arm/4.9_2015q3/bin/../lib/gcc/arm-none-eabi/4.9.3/armv6-m/crti.o
 .ARM.attributes
                0x0000001e       0x2c c:/siliconlabs/simplicitystudio/v4/developer/toolchains/gnu_arm/4.9_2015q3/bin/../lib/gcc/arm-none-eabi/4.9.3/armv6-m/crtbegin.o
 .ARM.attributes
                0x0000004a       0x1b c:/siliconlabs/simplicitystudio/v4/developer/toolchains/gnu_arm/4.9_2015q3/bin/../lib/gcc/arm-none-eabi/4.9.3/../../../../arm-none-eabi/lib/armv6-m/crt0.o
 .ARM.attributes
                0x00000065       0x32 ./util/delay.o
 .ARM.attributes
                0x00000097       0x32 ./system/adc.o
 .ARM.attributes
                0x000000c9       0x32 ./system/iic.o
 .ARM.attributes
                0x000000fb       0x32 ./system/irq.o
 .ARM.attributes
                0x0000012d       0x32 ./system/pm.o
 .ARM.attributes
                0x0000015f       0x32 ./system/system.o
 .ARM.attributes
                0x00000191       0x32 ./src/main.o
 .ARM.attributes
                0x000001c3       0x32 ./emlib/em_cmu.o
 .ARM.attributes
                0x000001f5       0x32 ./emlib/em_core.o
 .ARM.attributes
                0x00000227       0x32 ./emlib/em_dma.o
 .ARM.attributes
                0x00000259       0x32 ./emlib/em_emu.o
 .ARM.attributes
                0x0000028b       0x32 ./emlib/em_gpio.o
 .ARM.attributes
                0x000002bd       0x32 ./emlib/em_i2c.o
 .ARM.attributes
                0x000002ef       0x32 ./emlib/em_rtc.o
 .ARM.attributes
                0x00000321       0x32 ./Drivers/i2cspm.o
 .ARM.attributes
                0x00000353       0x32 ./Drivers/rtcdriver.o
 .ARM.attributes
                0x00000385       0x1b ./CMSIS/EFM32HG/startup_efm32hg.o
 .ARM.attributes
                0x000003a0       0x32 ./CMSIS/EFM32HG/system_efm32hg.o
 .ARM.attributes
                0x000003d2       0x32 ./sensors/tof.o
 .ARM.attributes
                0x00000404       0x1e c:/siliconlabs/simplicitystudio/v4/developer/toolchains/gnu_arm/4.9_2015q3/bin/../lib/gcc/arm-none-eabi/4.9.3/armv6-m\libgcc.a(_udivsi3.o)
 .ARM.attributes
                0x00000422       0x1e c:/siliconlabs/simplicitystudio/v4/developer/toolchains/gnu_arm/4.9_2015q3/bin/../lib/gcc/arm-none-eabi/4.9.3/armv6-m\libgcc.a(_dvmd_tls.o)
 .ARM.attributes
                0x00000440       0x1e c:/siliconlabs/simplicitystudio/v4/developer/toolchains/gnu_arm/4.9_2015q3/bin/../lib/gcc/arm-none-eabi/4.9.3/armv6-m\libgcc.a(_clzsi2.o)
 .ARM.attributes
                0x0000045e       0x1e c:/siliconlabs/simplicitystudio/v4/developer/toolchains/gnu_arm/4.9_2015q3/bin/../lib/gcc/arm-none-eabi/4.9.3/armv6-m\libgcc.a(_aeabi_uldivmod.o)
 .ARM.attributes
                0x0000047c       0x2c c:/siliconlabs/simplicitystudio/v4/developer/toolchains/gnu_arm/4.9_2015q3/bin/../lib/gcc/arm-none-eabi/4.9.3/armv6-m\libgcc.a(_muldi3.o)
 .ARM.attributes
                0x000004a8       0x2c c:/siliconlabs/simplicitystudio/v4/developer/toolchains/gnu_arm/4.9_2015q3/bin/../lib/gcc/arm-none-eabi/4.9.3/armv6-m\libgcc.a(bpabi.o)
 .ARM.attributes
                0x000004d4       0x2c c:/siliconlabs/simplicitystudio/v4/developer/toolchains/gnu_arm/4.9_2015q3/bin/../lib/gcc/arm-none-eabi/4.9.3/armv6-m\libgcc.a(_divdi3.o)
 .ARM.attributes
                0x00000500       0x2c c:/siliconlabs/simplicitystudio/v4/developer/toolchains/gnu_arm/4.9_2015q3/bin/../lib/gcc/arm-none-eabi/4.9.3/armv6-m\libgcc.a(_udivdi3.o)
 .ARM.attributes
                0x0000052c       0x1e c:/siliconlabs/simplicitystudio/v4/developer/toolchains/gnu_arm/4.9_2015q3/bin/../lib/gcc/arm-none-eabi/4.9.3/armv6-m\libgcc.a(_clzdi2.o)
 .ARM.attributes
                0x0000054a       0x2c c:/siliconlabs/simplicitystudio/v4/developer/toolchains/gnu_arm/4.9_2015q3/bin/../lib/gcc/arm-none-eabi/4.9.3/../../../../arm-none-eabi/lib/armv6-m\libc_nano.a(lib_a-exit.o)
 .ARM.attributes
                0x00000576       0x2c c:/siliconlabs/simplicitystudio/v4/developer/toolchains/gnu_arm/4.9_2015q3/bin/../lib/gcc/arm-none-eabi/4.9.3/../../../../arm-none-eabi/lib/armv6-m\libc_nano.a(lib_a-fprintf.o)
 .ARM.attributes
                0x000005a2       0x2c c:/siliconlabs/simplicitystudio/v4/developer/toolchains/gnu_arm/4.9_2015q3/bin/../lib/gcc/arm-none-eabi/4.9.3/../../../../arm-none-eabi/lib/armv6-m\libc_nano.a(lib_a-impure.o)
 .ARM.attributes
                0x000005ce       0x2c c:/siliconlabs/simplicitystudio/v4/developer/toolchains/gnu_arm/4.9_2015q3/bin/../lib/gcc/arm-none-eabi/4.9.3/../../../../arm-none-eabi/lib/armv6-m\libc_nano.a(lib_a-init.o)
 .ARM.attributes
                0x000005fa       0x2c c:/siliconlabs/simplicitystudio/v4/developer/toolchains/gnu_arm/4.9_2015q3/bin/../lib/gcc/arm-none-eabi/4.9.3/../../../../arm-none-eabi/lib/armv6-m\libc_nano.a(lib_a-memcpy.o)
 .ARM.attributes
                0x00000626       0x2c c:/siliconlabs/simplicitystudio/v4/developer/toolchains/gnu_arm/4.9_2015q3/bin/../lib/gcc/arm-none-eabi/4.9.3/../../../../arm-none-eabi/lib/armv6-m\libc_nano.a(lib_a-memset.o)
 .ARM.attributes
                0x00000652       0x2c c:/siliconlabs/simplicitystudio/v4/developer/toolchains/gnu_arm/4.9_2015q3/bin/../lib/gcc/arm-none-eabi/4.9.3/../../../../arm-none-eabi/lib/armv6-m\libc_nano.a(lib_a-nano-freer.o)
 .ARM.attributes
                0x0000067e       0x2c c:/siliconlabs/simplicitystudio/v4/developer/toolchains/gnu_arm/4.9_2015q3/bin/../lib/gcc/arm-none-eabi/4.9.3/../../../../arm-none-eabi/lib/armv6-m\libc_nano.a(lib_a-nano-mallocr.o)
 .ARM.attributes
                0x000006aa       0x2c c:/siliconlabs/simplicitystudio/v4/developer/toolchains/gnu_arm/4.9_2015q3/bin/../lib/gcc/arm-none-eabi/4.9.3/../../../../arm-none-eabi/lib/armv6-m\libc_nano.a(lib_a-nano-vfprintf.o)
 .ARM.attributes
                0x000006d6       0x2c c:/siliconlabs/simplicitystudio/v4/developer/toolchains/gnu_arm/4.9_2015q3/bin/../lib/gcc/arm-none-eabi/4.9.3/../../../../arm-none-eabi/lib/armv6-m\libc_nano.a(lib_a-nano-vfprintf_i.o)
 .ARM.attributes
                0x00000702       0x2c c:/siliconlabs/simplicitystudio/v4/developer/toolchains/gnu_arm/4.9_2015q3/bin/../lib/gcc/arm-none-eabi/4.9.3/../../../../arm-none-eabi/lib/armv6-m\libc_nano.a(lib_a-sbrkr.o)
 .ARM.attributes
                0x0000072e       0x2c c:/siliconlabs/simplicitystudio/v4/developer/toolchains/gnu_arm/4.9_2015q3/bin/../lib/gcc/arm-none-eabi/4.9.3/../../../../arm-none-eabi/lib/armv6-m\libc_nano.a(lib_a-wbuf.o)
 .ARM.attributes
                0x0000075a       0x2c c:/siliconlabs/simplicitystudio/v4/developer/toolchains/gnu_arm/4.9_2015q3/bin/../lib/gcc/arm-none-eabi/4.9.3/../../../../arm-none-eabi/lib/armv6-m\libc_nano.a(lib_a-wsetup.o)
 .ARM.attributes
                0x00000786       0x2c c:/siliconlabs/simplicitystudio/v4/developer/toolchains/gnu_arm/4.9_2015q3/bin/../lib/gcc/arm-none-eabi/4.9.3/../../../../arm-none-eabi/lib/armv6-m\libc_nano.a(lib_a-fflush.o)
 .ARM.attributes
                0x000007b2       0x2c c:/siliconlabs/simplicitystudio/v4/developer/toolchains/gnu_arm/4.9_2015q3/bin/../lib/gcc/arm-none-eabi/4.9.3/../../../../arm-none-eabi/lib/armv6-m\libc_nano.a(lib_a-findfp.o)
 .ARM.attributes
                0x000007de       0x2c c:/siliconlabs/simplicitystudio/v4/developer/toolchains/gnu_arm/4.9_2015q3/bin/../lib/gcc/arm-none-eabi/4.9.3/../../../../arm-none-eabi/lib/armv6-m\libc_nano.a(lib_a-fwalk.o)
 .ARM.attributes
                0x0000080a       0x2c c:/siliconlabs/simplicitystudio/v4/developer/toolchains/gnu_arm/4.9_2015q3/bin/../lib/gcc/arm-none-eabi/4.9.3/../../../../arm-none-eabi/lib/armv6-m\libc_nano.a(lib_a-makebuf.o)
 .ARM.attributes
                0x00000836       0x2c c:/siliconlabs/simplicitystudio/v4/developer/toolchains/gnu_arm/4.9_2015q3/bin/../lib/gcc/arm-none-eabi/4.9.3/../../../../arm-none-eabi/lib/armv6-m\libc_nano.a(lib_a-memchr.o)
 .ARM.attributes
                0x00000862       0x2c c:/siliconlabs/simplicitystudio/v4/developer/toolchains/gnu_arm/4.9_2015q3/bin/../lib/gcc/arm-none-eabi/4.9.3/../../../../arm-none-eabi/lib/armv6-m\libc_nano.a(lib_a-reent.o)
 .ARM.attributes
                0x0000088e       0x2c c:/siliconlabs/simplicitystudio/v4/developer/toolchains/gnu_arm/4.9_2015q3/bin/../lib/gcc/arm-none-eabi/4.9.3/../../../../arm-none-eabi/lib/armv6-m\libc_nano.a(lib_a-stdio.o)
 .ARM.attributes
                0x000008ba       0x2c c:/siliconlabs/simplicitystudio/v4/developer/toolchains/gnu_arm/4.9_2015q3/bin/../lib/gcc/arm-none-eabi/4.9.3/../../../../arm-none-eabi/lib/armv6-m\libc_nano.a(lib_a-writer.o)
 .ARM.attributes
                0x000008e6       0x2c c:/siliconlabs/simplicitystudio/v4/developer/toolchains/gnu_arm/4.9_2015q3/bin/../lib/gcc/arm-none-eabi/4.9.3/../../../../arm-none-eabi/lib/armv6-m\libc_nano.a(lib_a-closer.o)
 .ARM.attributes
                0x00000912       0x2c c:/siliconlabs/simplicitystudio/v4/developer/toolchains/gnu_arm/4.9_2015q3/bin/../lib/gcc/arm-none-eabi/4.9.3/../../../../arm-none-eabi/lib/armv6-m\libc_nano.a(lib_a-fstatr.o)
 .ARM.attributes
                0x0000093e       0x2c c:/siliconlabs/simplicitystudio/v4/developer/toolchains/gnu_arm/4.9_2015q3/bin/../lib/gcc/arm-none-eabi/4.9.3/../../../../arm-none-eabi/lib/armv6-m\libc_nano.a(lib_a-isattyr.o)
 .ARM.attributes
                0x0000096a       0x2c c:/siliconlabs/simplicitystudio/v4/developer/toolchains/gnu_arm/4.9_2015q3/bin/../lib/gcc/arm-none-eabi/4.9.3/../../../../arm-none-eabi/lib/armv6-m\libc_nano.a(lib_a-lseekr.o)
 .ARM.attributes
                0x00000996       0x2c c:/siliconlabs/simplicitystudio/v4/developer/toolchains/gnu_arm/4.9_2015q3/bin/../lib/gcc/arm-none-eabi/4.9.3/../../../../arm-none-eabi/lib/armv6-m\libc_nano.a(lib_a-readr.o)
 .ARM.attributes
                0x000009c2       0x2c c:/siliconlabs/simplicitystudio/v4/developer/toolchains/gnu_arm/4.9_2015q3/bin/../lib/gcc/arm-none-eabi/4.9.3/../../../../arm-none-eabi/lib/armv6-m\libnosys.a(close.o)
 .ARM.attributes
                0x000009ee       0x2c c:/siliconlabs/simplicitystudio/v4/developer/toolchains/gnu_arm/4.9_2015q3/bin/../lib/gcc/arm-none-eabi/4.9.3/../../../../arm-none-eabi/lib/armv6-m\libnosys.a(fstat.o)
 .ARM.attributes
                0x00000a1a       0x2c c:/siliconlabs/simplicitystudio/v4/developer/toolchains/gnu_arm/4.9_2015q3/bin/../lib/gcc/arm-none-eabi/4.9.3/../../../../arm-none-eabi/lib/armv6-m\libnosys.a(isatty.o)
 .ARM.attributes
                0x00000a46       0x2c c:/siliconlabs/simplicitystudio/v4/developer/toolchains/gnu_arm/4.9_2015q3/bin/../lib/gcc/arm-none-eabi/4.9.3/../../../../arm-none-eabi/lib/armv6-m\libnosys.a(lseek.o)
 .ARM.attributes
                0x00000a72       0x2c c:/siliconlabs/simplicitystudio/v4/developer/toolchains/gnu_arm/4.9_2015q3/bin/../lib/gcc/arm-none-eabi/4.9.3/../../../../arm-none-eabi/lib/armv6-m\libnosys.a(read.o)
 .ARM.attributes
                0x00000a9e       0x2c c:/siliconlabs/simplicitystudio/v4/developer/toolchains/gnu_arm/4.9_2015q3/bin/../lib/gcc/arm-none-eabi/4.9.3/../../../../arm-none-eabi/lib/armv6-m\libnosys.a(sbrk.o)
 .ARM.attributes
                0x00000aca       0x2c c:/siliconlabs/simplicitystudio/v4/developer/toolchains/gnu_arm/4.9_2015q3/bin/../lib/gcc/arm-none-eabi/4.9.3/../../../../arm-none-eabi/lib/armv6-m\libnosys.a(write.o)
 .ARM.attributes
                0x00000af6       0x2c c:/siliconlabs/simplicitystudio/v4/developer/toolchains/gnu_arm/4.9_2015q3/bin/../lib/gcc/arm-none-eabi/4.9.3/../../../../arm-none-eabi/lib/armv6-m\libnosys.a(_exit.o)
 .ARM.attributes
                0x00000b22       0x2c c:/siliconlabs/simplicitystudio/v4/developer/toolchains/gnu_arm/4.9_2015q3/bin/../lib/gcc/arm-none-eabi/4.9.3/armv6-m/crtend.o
 .ARM.attributes
                0x00000b4e       0x1e c:/siliconlabs/simplicitystudio/v4/developer/toolchains/gnu_arm/4.9_2015q3/bin/../lib/gcc/arm-none-eabi/4.9.3/armv6-m/crtn.o

.comment        0x00000000       0x70
 .comment       0x00000000       0x70 ./util/delay.o
                                 0x71 (size before relaxing)
 .comment       0x00000000       0x71 ./system/adc.o
 .comment       0x00000000       0x71 ./system/iic.o
 .comment       0x00000000       0x71 ./system/irq.o
 .comment       0x00000000       0x71 ./system/pm.o
 .comment       0x00000000       0x71 ./system/system.o
 .comment       0x00000000       0x71 ./src/main.o
 .comment       0x00000000       0x71 ./emlib/em_cmu.o
 .comment       0x00000000       0x71 ./emlib/em_core.o
 .comment       0x00000000       0x71 ./emlib/em_dma.o
 .comment       0x00000000       0x71 ./emlib/em_emu.o
 .comment       0x00000000       0x71 ./emlib/em_gpio.o
 .comment       0x00000000       0x71 ./emlib/em_i2c.o
 .comment       0x00000000       0x71 ./emlib/em_rtc.o
 .comment       0x00000000       0x71 ./Drivers/i2cspm.o
 .comment       0x00000000       0x71 ./Drivers/rtcdriver.o
 .comment       0x00000000       0x71 ./CMSIS/EFM32HG/system_efm32hg.o
 .comment       0x00000000       0x71 ./sensors/tof.o

.debug_info     0x00000000     0x9e76
 .debug_info    0x00000000      0x11f ./util/delay.o
 .debug_info    0x0000011f      0xd5f ./system/adc.o
 .debug_info    0x00000e7e      0x526 ./system/iic.o
 .debug_info    0x000013a4      0x3c4 ./system/irq.o
 .debug_info    0x00001768      0x42e ./system/pm.o
 .debug_info    0x00001b96      0x970 ./system/system.o
 .debug_info    0x00002506      0x183 ./src/main.o
 .debug_info    0x00002689     0x12e7 ./emlib/em_cmu.o
 .debug_info    0x00003970      0xb0f ./emlib/em_core.o
 .debug_info    0x0000447f     0x1068 ./emlib/em_dma.o
 .debug_info    0x000054e7      0x8a5 ./emlib/em_emu.o
 .debug_info    0x00005d8c      0x674 ./emlib/em_gpio.o
 .debug_info    0x00006400      0x886 ./emlib/em_i2c.o
 .debug_info    0x00006c86      0x332 ./emlib/em_rtc.o
 .debug_info    0x00006fb8      0x83c ./Drivers/i2cspm.o
 .debug_info    0x000077f4      0xc76 ./Drivers/rtcdriver.o
 .debug_info    0x0000846a      0x105 ./CMSIS/EFM32HG/startup_efm32hg.o
 .debug_info    0x0000856f      0x53c ./CMSIS/EFM32HG/system_efm32hg.o
 .debug_info    0x00008aab     0x13cb ./sensors/tof.o

.debug_abbrev   0x00000000     0x2008
 .debug_abbrev  0x00000000       0x9f ./util/delay.o
 .debug_abbrev  0x0000009f      0x224 ./system/adc.o
 .debug_abbrev  0x000002c3      0x161 ./system/iic.o
 .debug_abbrev  0x00000424      0x159 ./system/irq.o
 .debug_abbrev  0x0000057d      0x152 ./system/pm.o
 .debug_abbrev  0x000006cf      0x191 ./system/system.o
 .debug_abbrev  0x00000860       0x94 ./src/main.o
 .debug_abbrev  0x000008f4      0x297 ./emlib/em_cmu.o
 .debug_abbrev  0x00000b8b      0x22c ./emlib/em_core.o
 .debug_abbrev  0x00000db7      0x272 ./emlib/em_dma.o
 .debug_abbrev  0x00001029      0x1e4 ./emlib/em_emu.o
 .debug_abbrev  0x0000120d      0x1d0 ./emlib/em_gpio.o
 .debug_abbrev  0x000013dd      0x1f6 ./emlib/em_i2c.o
 .debug_abbrev  0x000015d3      0x185 ./emlib/em_rtc.o
 .debug_abbrev  0x00001758      0x19b ./Drivers/i2cspm.o
 .debug_abbrev  0x000018f3      0x2a0 ./Drivers/rtcdriver.o
 .debug_abbrev  0x00001b93       0x14 ./CMSIS/EFM32HG/startup_efm32hg.o
 .debug_abbrev  0x00001ba7      0x18b ./CMSIS/EFM32HG/system_efm32hg.o
 .debug_abbrev  0x00001d32      0x2d6 ./sensors/tof.o

.debug_loc      0x00000000     0x3122
 .debug_loc     0x00000000       0x64 ./util/delay.o
 .debug_loc     0x00000064      0x2f8 ./system/adc.o
 .debug_loc     0x0000035c      0x100 ./system/iic.o
 .debug_loc     0x0000045c      0x144 ./system/irq.o
 .debug_loc     0x000005a0      0x10c ./system/pm.o
 .debug_loc     0x000006ac      0x164 ./system/system.o
 .debug_loc     0x00000810       0x38 ./src/main.o
 .debug_loc     0x00000848      0x928 ./emlib/em_cmu.o
 .debug_loc     0x00001170      0x574 ./emlib/em_core.o
 .debug_loc     0x000016e4      0x428 ./emlib/em_dma.o
 .debug_loc     0x00001b0c      0x314 ./emlib/em_emu.o
 .debug_loc     0x00001e20      0x2a0 ./emlib/em_gpio.o
 .debug_loc     0x000020c0      0x268 ./emlib/em_i2c.o
 .debug_loc     0x00002328      0x1a8 ./emlib/em_rtc.o
 .debug_loc     0x000024d0       0xe0 ./Drivers/i2cspm.o
 .debug_loc     0x000025b0      0x4b4 ./Drivers/rtcdriver.o
 .debug_loc     0x00002a64      0x1e8 ./CMSIS/EFM32HG/system_efm32hg.o
 .debug_loc     0x00002c4c      0x4d6 ./sensors/tof.o

.debug_aranges  0x00000000      0x920
 .debug_aranges
                0x00000000       0x28 ./util/delay.o
 .debug_aranges
                0x00000028       0x88 ./system/adc.o
 .debug_aranges
                0x000000b0       0x40 ./system/iic.o
 .debug_aranges
                0x000000f0       0x48 ./system/irq.o
 .debug_aranges
                0x00000138       0x40 ./system/pm.o
 .debug_aranges
                0x00000178       0x50 ./system/system.o
 .debug_aranges
                0x000001c8       0x20 ./src/main.o
 .debug_aranges
                0x000001e8      0x178 ./emlib/em_cmu.o
 .debug_aranges
                0x00000360       0xe8 ./emlib/em_core.o
 .debug_aranges
                0x00000448       0xb0 ./emlib/em_dma.o
 .debug_aranges
                0x000004f8       0x98 ./emlib/em_emu.o
 .debug_aranges
                0x00000590       0x78 ./emlib/em_gpio.o
 .debug_aranges
                0x00000608       0x70 ./emlib/em_i2c.o
 .debug_aranges
                0x00000678       0x58 ./emlib/em_rtc.o
 .debug_aranges
                0x000006d0       0x38 ./Drivers/i2cspm.o
 .debug_aranges
                0x00000708       0xc8 ./Drivers/rtcdriver.o
 .debug_aranges
                0x000007d0       0x20 ./CMSIS/EFM32HG/startup_efm32hg.o
 .debug_aranges
                0x000007f0       0x68 ./CMSIS/EFM32HG/system_efm32hg.o
 .debug_aranges
                0x00000858       0xc8 ./sensors/tof.o

.debug_ranges   0x00000000      0x7e0
 .debug_ranges  0x00000000       0x18 ./util/delay.o
 .debug_ranges  0x00000018       0x78 ./system/adc.o
 .debug_ranges  0x00000090       0x30 ./system/iic.o
 .debug_ranges  0x000000c0       0x38 ./system/irq.o
 .debug_ranges  0x000000f8       0x30 ./system/pm.o
 .debug_ranges  0x00000128       0x40 ./system/system.o
 .debug_ranges  0x00000168       0x10 ./src/main.o
 .debug_ranges  0x00000178      0x168 ./emlib/em_cmu.o
 .debug_ranges  0x000002e0       0xd8 ./emlib/em_core.o
 .debug_ranges  0x000003b8       0xa0 ./emlib/em_dma.o
 .debug_ranges  0x00000458       0x88 ./emlib/em_emu.o
 .debug_ranges  0x000004e0       0x68 ./emlib/em_gpio.o
 .debug_ranges  0x00000548       0x60 ./emlib/em_i2c.o
 .debug_ranges  0x000005a8       0x48 ./emlib/em_rtc.o
 .debug_ranges  0x000005f0       0x28 ./Drivers/i2cspm.o
 .debug_ranges  0x00000618       0xb8 ./Drivers/rtcdriver.o
 .debug_ranges  0x000006d0       0x58 ./CMSIS/EFM32HG/system_efm32hg.o
 .debug_ranges  0x00000728       0xb8 ./sensors/tof.o

.debug_line     0x00000000     0x4ddb
 .debug_line    0x00000000      0x1b9 ./util/delay.o
 .debug_line    0x000001b9      0x422 ./system/adc.o
 .debug_line    0x000005db      0x30c ./system/iic.o
 .debug_line    0x000008e7      0x2bc ./system/irq.o
 .debug_line    0x00000ba3      0x2f8 ./system/pm.o
 .debug_line    0x00000e9b      0x36f ./system/system.o
 .debug_line    0x0000120a      0x194 ./src/main.o
 .debug_line    0x0000139e      0x9b9 ./emlib/em_cmu.o
 .debug_line    0x00001d57      0x62b ./emlib/em_core.o
 .debug_line    0x00002382      0x5d0 ./emlib/em_dma.o
 .debug_line    0x00002952      0x4f3 ./emlib/em_emu.o
 .debug_line    0x00002e45      0x457 ./emlib/em_gpio.o
 .debug_line    0x0000329c      0x480 ./emlib/em_i2c.o
 .debug_line    0x0000371c      0x33c ./emlib/em_rtc.o
 .debug_line    0x00003a58      0x37a ./Drivers/i2cspm.o
 .debug_line    0x00003dd2      0x71f ./Drivers/rtcdriver.o
 .debug_line    0x000044f1       0xd7 ./CMSIS/EFM32HG/startup_efm32hg.o
 .debug_line    0x000045c8      0x368 ./CMSIS/EFM32HG/system_efm32hg.o
 .debug_line    0x00004930      0x4ab ./sensors/tof.o

.debug_str      0x00000000     0x3d46
 .debug_str     0x00000000      0x217 ./util/delay.o
                                0x260 (size before relaxing)
 .debug_str     0x00000217      0xbdd ./system/adc.o
                                0xe10 (size before relaxing)
 .debug_str     0x00000df4      0x29a ./system/iic.o
                                0x4c0 (size before relaxing)
 .debug_str     0x0000108e      0x120 ./system/irq.o
                                0x339 (size before relaxing)
 .debug_str     0x000011ae      0x1f5 ./system/pm.o
                                0x4e9 (size before relaxing)
 .debug_str     0x000013a3      0x1a4 ./system/system.o
                                0x8b4 (size before relaxing)
 .debug_str     0x00001547       0xce ./src/main.o
                                0x29f (size before relaxing)
 .debug_str     0x00001615      0x8f7 ./emlib/em_cmu.o
                                0xdc1 (size before relaxing)
 .debug_str     0x00001f0c      0x366 ./emlib/em_core.o
                                0x700 (size before relaxing)
 .debug_str     0x00002272      0x5b6 ./emlib/em_dma.o
                                0xb91 (size before relaxing)
 .debug_str     0x00002828      0x1f4 ./emlib/em_emu.o
                                0x7bc (size before relaxing)
 .debug_str     0x00002a1c      0x19f ./emlib/em_gpio.o
                                0x60f (size before relaxing)
 .debug_str     0x00002bbb      0x257 ./emlib/em_i2c.o
                                0x780 (size before relaxing)
 .debug_str     0x00002e12      0x10b ./emlib/em_rtc.o
                                0x2e1 (size before relaxing)
 .debug_str     0x00002f1d       0x93 ./Drivers/i2cspm.o
                                0x888 (size before relaxing)
 .debug_str     0x00002fb0      0x346 ./Drivers/rtcdriver.o
                                0xa22 (size before relaxing)
 .debug_str     0x000032f6      0x179 ./CMSIS/EFM32HG/system_efm32hg.o
                                0x483 (size before relaxing)
 .debug_str     0x0000346f      0x8d7 ./sensors/tof.o
                                0xb6b (size before relaxing)

.debug_frame    0x00000000     0x26e0
 .debug_frame   0x00000000       0x4c ./util/delay.o
 .debug_frame   0x0000004c      0x1c8 ./system/adc.o
 .debug_frame   0x00000214       0xa8 ./system/iic.o
 .debug_frame   0x000002bc       0xcc ./system/irq.o
 .debug_frame   0x00000388       0xac ./system/pm.o
 .debug_frame   0x00000434       0xe4 ./system/system.o
 .debug_frame   0x00000518       0x30 ./src/main.o
 .debug_frame   0x00000548      0x568 ./emlib/em_cmu.o
 .debug_frame   0x00000ab0      0x33c ./emlib/em_core.o
 .debug_frame   0x00000dec      0x270 ./emlib/em_dma.o
 .debug_frame   0x0000105c      0x1ec ./emlib/em_emu.o
 .debug_frame   0x00001248      0x194 ./emlib/em_gpio.o
 .debug_frame   0x000013dc      0x170 ./emlib/em_i2c.o
 .debug_frame   0x0000154c      0x108 ./emlib/em_rtc.o
 .debug_frame   0x00001654       0x90 ./Drivers/i2cspm.o
 .debug_frame   0x000016e4      0x2d8 ./Drivers/rtcdriver.o
 .debug_frame   0x000019bc      0x138 ./CMSIS/EFM32HG/system_efm32hg.o
 .debug_frame   0x00001af4      0x2d0 ./sensors/tof.o
 .debug_frame   0x00001dc4       0x20 c:/siliconlabs/simplicitystudio/v4/developer/toolchains/gnu_arm/4.9_2015q3/bin/../lib/gcc/arm-none-eabi/4.9.3/armv6-m\libgcc.a(_udivsi3.o)
 .debug_frame   0x00001de4       0x34 c:/siliconlabs/simplicitystudio/v4/developer/toolchains/gnu_arm/4.9_2015q3/bin/../lib/gcc/arm-none-eabi/4.9.3/armv6-m\libgcc.a(_muldi3.o)
 .debug_frame   0x00001e18       0x50 c:/siliconlabs/simplicitystudio/v4/developer/toolchains/gnu_arm/4.9_2015q3/bin/../lib/gcc/arm-none-eabi/4.9.3/armv6-m\libgcc.a(bpabi.o)
 .debug_frame   0x00001e68       0x3c c:/siliconlabs/simplicitystudio/v4/developer/toolchains/gnu_arm/4.9_2015q3/bin/../lib/gcc/arm-none-eabi/4.9.3/armv6-m\libgcc.a(_divdi3.o)
 .debug_frame   0x00001ea4       0x3c c:/siliconlabs/simplicitystudio/v4/developer/toolchains/gnu_arm/4.9_2015q3/bin/../lib/gcc/arm-none-eabi/4.9.3/armv6-m\libgcc.a(_udivdi3.o)
 .debug_frame   0x00001ee0       0x28 c:/siliconlabs/simplicitystudio/v4/developer/toolchains/gnu_arm/4.9_2015q3/bin/../lib/gcc/arm-none-eabi/4.9.3/../../../../arm-none-eabi/lib/armv6-m\libc_nano.a(lib_a-exit.o)
 .debug_frame   0x00001f08       0x4c c:/siliconlabs/simplicitystudio/v4/developer/toolchains/gnu_arm/4.9_2015q3/bin/../lib/gcc/arm-none-eabi/4.9.3/../../../../arm-none-eabi/lib/armv6-m\libc_nano.a(lib_a-fprintf.o)
 .debug_frame   0x00001f54       0x2c c:/siliconlabs/simplicitystudio/v4/developer/toolchains/gnu_arm/4.9_2015q3/bin/../lib/gcc/arm-none-eabi/4.9.3/../../../../arm-none-eabi/lib/armv6-m\libc_nano.a(lib_a-init.o)
 .debug_frame   0x00001f80       0x28 c:/siliconlabs/simplicitystudio/v4/developer/toolchains/gnu_arm/4.9_2015q3/bin/../lib/gcc/arm-none-eabi/4.9.3/../../../../arm-none-eabi/lib/armv6-m\libc_nano.a(lib_a-memcpy.o)
 .debug_frame   0x00001fa8       0x20 c:/siliconlabs/simplicitystudio/v4/developer/toolchains/gnu_arm/4.9_2015q3/bin/../lib/gcc/arm-none-eabi/4.9.3/../../../../arm-none-eabi/lib/armv6-m\libc_nano.a(lib_a-memset.o)
 .debug_frame   0x00001fc8       0x2c c:/siliconlabs/simplicitystudio/v4/developer/toolchains/gnu_arm/4.9_2015q3/bin/../lib/gcc/arm-none-eabi/4.9.3/../../../../arm-none-eabi/lib/armv6-m\libc_nano.a(lib_a-nano-freer.o)
 .debug_frame   0x00001ff4       0x2c c:/siliconlabs/simplicitystudio/v4/developer/toolchains/gnu_arm/4.9_2015q3/bin/../lib/gcc/arm-none-eabi/4.9.3/../../../../arm-none-eabi/lib/armv6-m\libc_nano.a(lib_a-nano-mallocr.o)
 .debug_frame   0x00002020       0xa0 c:/siliconlabs/simplicitystudio/v4/developer/toolchains/gnu_arm/4.9_2015q3/bin/../lib/gcc/arm-none-eabi/4.9.3/../../../../arm-none-eabi/lib/armv6-m\libc_nano.a(lib_a-nano-vfprintf.o)
 .debug_frame   0x000020c0       0x54 c:/siliconlabs/simplicitystudio/v4/developer/toolchains/gnu_arm/4.9_2015q3/bin/../lib/gcc/arm-none-eabi/4.9.3/../../../../arm-none-eabi/lib/armv6-m\libc_nano.a(lib_a-nano-vfprintf_i.o)
 .debug_frame   0x00002114       0x2c c:/siliconlabs/simplicitystudio/v4/developer/toolchains/gnu_arm/4.9_2015q3/bin/../lib/gcc/arm-none-eabi/4.9.3/../../../../arm-none-eabi/lib/armv6-m\libc_nano.a(lib_a-sbrkr.o)
 .debug_frame   0x00002140       0x44 c:/siliconlabs/simplicitystudio/v4/developer/toolchains/gnu_arm/4.9_2015q3/bin/../lib/gcc/arm-none-eabi/4.9.3/../../../../arm-none-eabi/lib/armv6-m\libc_nano.a(lib_a-wbuf.o)
 .debug_frame   0x00002184       0x2c c:/siliconlabs/simplicitystudio/v4/developer/toolchains/gnu_arm/4.9_2015q3/bin/../lib/gcc/arm-none-eabi/4.9.3/../../../../arm-none-eabi/lib/armv6-m\libc_nano.a(lib_a-wsetup.o)
 .debug_frame   0x000021b0       0x68 c:/siliconlabs/simplicitystudio/v4/developer/toolchains/gnu_arm/4.9_2015q3/bin/../lib/gcc/arm-none-eabi/4.9.3/../../../../arm-none-eabi/lib/armv6-m\libc_nano.a(lib_a-fflush.o)
 .debug_frame   0x00002218      0x140 c:/siliconlabs/simplicitystudio/v4/developer/toolchains/gnu_arm/4.9_2015q3/bin/../lib/gcc/arm-none-eabi/4.9.3/../../../../arm-none-eabi/lib/armv6-m\libc_nano.a(lib_a-findfp.o)
 .debug_frame   0x00002358       0x58 c:/siliconlabs/simplicitystudio/v4/developer/toolchains/gnu_arm/4.9_2015q3/bin/../lib/gcc/arm-none-eabi/4.9.3/../../../../arm-none-eabi/lib/armv6-m\libc_nano.a(lib_a-fwalk.o)
 .debug_frame   0x000023b0       0x30 c:/siliconlabs/simplicitystudio/v4/developer/toolchains/gnu_arm/4.9_2015q3/bin/../lib/gcc/arm-none-eabi/4.9.3/../../../../arm-none-eabi/lib/armv6-m\libc_nano.a(lib_a-makebuf.o)
 .debug_frame   0x000023e0       0x20 c:/siliconlabs/simplicitystudio/v4/developer/toolchains/gnu_arm/4.9_2015q3/bin/../lib/gcc/arm-none-eabi/4.9.3/../../../../arm-none-eabi/lib/armv6-m\libc_nano.a(lib_a-memchr.o)
 .debug_frame   0x00002400       0x48 c:/siliconlabs/simplicitystudio/v4/developer/toolchains/gnu_arm/4.9_2015q3/bin/../lib/gcc/arm-none-eabi/4.9.3/../../../../arm-none-eabi/lib/armv6-m\libc_nano.a(lib_a-reent.o)
 .debug_frame   0x00002448       0x90 c:/siliconlabs/simplicitystudio/v4/developer/toolchains/gnu_arm/4.9_2015q3/bin/../lib/gcc/arm-none-eabi/4.9.3/../../../../arm-none-eabi/lib/armv6-m\libc_nano.a(lib_a-stdio.o)
 .debug_frame   0x000024d8       0x2c c:/siliconlabs/simplicitystudio/v4/developer/toolchains/gnu_arm/4.9_2015q3/bin/../lib/gcc/arm-none-eabi/4.9.3/../../../../arm-none-eabi/lib/armv6-m\libc_nano.a(lib_a-writer.o)
 .debug_frame   0x00002504       0x2c c:/siliconlabs/simplicitystudio/v4/developer/toolchains/gnu_arm/4.9_2015q3/bin/../lib/gcc/arm-none-eabi/4.9.3/../../../../arm-none-eabi/lib/armv6-m\libc_nano.a(lib_a-closer.o)
 .debug_frame   0x00002530       0x2c c:/siliconlabs/simplicitystudio/v4/developer/toolchains/gnu_arm/4.9_2015q3/bin/../lib/gcc/arm-none-eabi/4.9.3/../../../../arm-none-eabi/lib/armv6-m\libc_nano.a(lib_a-fstatr.o)
 .debug_frame   0x0000255c       0x2c c:/siliconlabs/simplicitystudio/v4/developer/toolchains/gnu_arm/4.9_2015q3/bin/../lib/gcc/arm-none-eabi/4.9.3/../../../../arm-none-eabi/lib/armv6-m\libc_nano.a(lib_a-isattyr.o)
 .debug_frame   0x00002588       0x2c c:/siliconlabs/simplicitystudio/v4/developer/toolchains/gnu_arm/4.9_2015q3/bin/../lib/gcc/arm-none-eabi/4.9.3/../../../../arm-none-eabi/lib/armv6-m\libc_nano.a(lib_a-lseekr.o)
 .debug_frame   0x000025b4       0x2c c:/siliconlabs/simplicitystudio/v4/developer/toolchains/gnu_arm/4.9_2015q3/bin/../lib/gcc/arm-none-eabi/4.9.3/../../../../arm-none-eabi/lib/armv6-m\libc_nano.a(lib_a-readr.o)
 .debug_frame   0x000025e0       0x20 c:/siliconlabs/simplicitystudio/v4/developer/toolchains/gnu_arm/4.9_2015q3/bin/../lib/gcc/arm-none-eabi/4.9.3/../../../../arm-none-eabi/lib/armv6-m\libnosys.a(close.o)
 .debug_frame   0x00002600       0x20 c:/siliconlabs/simplicitystudio/v4/developer/toolchains/gnu_arm/4.9_2015q3/bin/../lib/gcc/arm-none-eabi/4.9.3/../../../../arm-none-eabi/lib/armv6-m\libnosys.a(fstat.o)
 .debug_frame   0x00002620       0x20 c:/siliconlabs/simplicitystudio/v4/developer/toolchains/gnu_arm/4.9_2015q3/bin/../lib/gcc/arm-none-eabi/4.9.3/../../../../arm-none-eabi/lib/armv6-m\libnosys.a(isatty.o)
 .debug_frame   0x00002640       0x20 c:/siliconlabs/simplicitystudio/v4/developer/toolchains/gnu_arm/4.9_2015q3/bin/../lib/gcc/arm-none-eabi/4.9.3/../../../../arm-none-eabi/lib/armv6-m\libnosys.a(lseek.o)
 .debug_frame   0x00002660       0x20 c:/siliconlabs/simplicitystudio/v4/developer/toolchains/gnu_arm/4.9_2015q3/bin/../lib/gcc/arm-none-eabi/4.9.3/../../../../arm-none-eabi/lib/armv6-m\libnosys.a(read.o)
 .debug_frame   0x00002680       0x20 c:/siliconlabs/simplicitystudio/v4/developer/toolchains/gnu_arm/4.9_2015q3/bin/../lib/gcc/arm-none-eabi/4.9.3/../../../../arm-none-eabi/lib/armv6-m\libnosys.a(sbrk.o)
 .debug_frame   0x000026a0       0x20 c:/siliconlabs/simplicitystudio/v4/developer/toolchains/gnu_arm/4.9_2015q3/bin/../lib/gcc/arm-none-eabi/4.9.3/../../../../arm-none-eabi/lib/armv6-m\libnosys.a(write.o)
 .debug_frame   0x000026c0       0x20 c:/siliconlabs/simplicitystudio/v4/developer/toolchains/gnu_arm/4.9_2015q3/bin/../lib/gcc/arm-none-eabi/4.9.3/../../../../arm-none-eabi/lib/armv6-m\libnosys.a(_exit.o)

.stab           0x00000000       0x9c
 .stab          0x00000000       0x24 c:/siliconlabs/simplicitystudio/v4/developer/toolchains/gnu_arm/4.9_2015q3/bin/../lib/gcc/arm-none-eabi/4.9.3/../../../../arm-none-eabi/lib/armv6-m\libnosys.a(close.o)
 .stab          0x00000024       0x18 c:/siliconlabs/simplicitystudio/v4/developer/toolchains/gnu_arm/4.9_2015q3/bin/../lib/gcc/arm-none-eabi/4.9.3/../../../../arm-none-eabi/lib/armv6-m\libnosys.a(fstat.o)
                                 0x24 (size before relaxing)
 .stab          0x0000003c       0x18 c:/siliconlabs/simplicitystudio/v4/developer/toolchains/gnu_arm/4.9_2015q3/bin/../lib/gcc/arm-none-eabi/4.9.3/../../../../arm-none-eabi/lib/armv6-m\libnosys.a(isatty.o)
                                 0x24 (size before relaxing)
 .stab          0x00000054       0x18 c:/siliconlabs/simplicitystudio/v4/developer/toolchains/gnu_arm/4.9_2015q3/bin/../lib/gcc/arm-none-eabi/4.9.3/../../../../arm-none-eabi/lib/armv6-m\libnosys.a(lseek.o)
                                 0x24 (size before relaxing)
 .stab          0x0000006c       0x18 c:/siliconlabs/simplicitystudio/v4/developer/toolchains/gnu_arm/4.9_2015q3/bin/../lib/gcc/arm-none-eabi/4.9.3/../../../../arm-none-eabi/lib/armv6-m\libnosys.a(read.o)
                                 0x24 (size before relaxing)
 .stab          0x00000084       0x18 c:/siliconlabs/simplicitystudio/v4/developer/toolchains/gnu_arm/4.9_2015q3/bin/../lib/gcc/arm-none-eabi/4.9.3/../../../../arm-none-eabi/lib/armv6-m\libnosys.a(write.o)
                                 0x24 (size before relaxing)

.stabstr        0x00000000      0x14d
 .stabstr       0x00000000      0x14d c:/siliconlabs/simplicitystudio/v4/developer/toolchains/gnu_arm/4.9_2015q3/bin/../lib/gcc/arm-none-eabi/4.9.3/../../../../arm-none-eabi/lib/armv6-m\libnosys.a(close.o)
